
> backend@1.0.0 test
> jest --coverage --verbose --maxWorkers=50%

node.exe : ts-jest[ts-jest-transformer] (WARN) Define `ts-jest` config under `globals` is deprecated. Please do
At C:\Program Files\nodejs\npm.ps1:29 char:3
+   & $NODE_EXE $NPM_CLI_JS $args
+   ~~~~~~~~~~~~~~~~~~~~~~~~~~~~~
    + CategoryInfo          : NotSpecified: (ts-jest[ts-jest...ated. Please do:String) [], RemoteException
    + FullyQualifiedErrorId : NativeCommandError
 
transform: {
    <transform_regex>: ['ts-jest', { /* ts-jest config goes here in Jest */ }],
},
See more at https://kulshekhar.github.io/ts-jest/docs/getting-started/presets#advanced
ts-jest[ts-jest-transformer] (WARN) Define `ts-jest` config under `globals` is deprecated. Please do
transform: {
    <transform_regex>: ['ts-jest', { /* ts-jest config goes here in Jest */ }],
},
See more at https://kulshekhar.github.io/ts-jest/docs/getting-started/presets#advanced
ts-jest[ts-jest-transformer] (WARN) Define `ts-jest` config under `globals` is deprecated. Please do
transform: {
    <transform_regex>: ['ts-jest', { /* ts-jest config goes here in Jest */ }],
},
See more at https://kulshekhar.github.io/ts-jest/docs/getting-started/presets#advanced
ts-jest[ts-jest-transformer] (WARN) Define `ts-jest` config under `globals` is deprecated. Please do
transform: {
    <transform_regex>: ['ts-jest', { /* ts-jest config goes here in Jest */ }],
},
See more at https://kulshekhar.github.io/ts-jest/docs/getting-started/presets#advanced
ts-jest[ts-jest-transformer] (WARN) Define `ts-jest` config under `globals` is deprecated. Please do
transform: {
    <transform_regex>: ['ts-jest', { /* ts-jest config goes here in Jest */ }],
},
See more at https://kulshekhar.github.io/ts-jest/docs/getting-started/presets#advanced
ts-jest[config] (WARN) 
    The "ts-jest" config option "isolatedModules" is deprecated and will be removed in v30.0.0. Please use "isolatedModules: true" in 
C:/Users/mtahi/OneDrive/Desktop/FYP/Code/backend/tsconfig.test.json instead, see https://www.typescriptlang.org/tsconfig/#isolatedModules
  
ts-jest[ts-jest-transformer] (WARN) Define `ts-jest` config under `globals` is deprecated. Please do
transform: {
    <transform_regex>: ['ts-jest', { /* ts-jest config goes here in Jest */ }],
},
See more at https://kulshekhar.github.io/ts-jest/docs/getting-started/presets#advanced
ts-jest[config] (WARN) 
    The "ts-jest" config option "isolatedModules" is deprecated and will be removed in v30.0.0. Please use "isolatedModules: true" in 
C:/Users/mtahi/OneDrive/Desktop/FYP/Code/backend/tsconfig.test.json instead, see https://www.typescriptlang.org/tsconfig/#isolatedModules
  
ts-jest[config] (WARN) 
    The "ts-jest" config option "isolatedModules" is deprecated and will be removed in v30.0.0. Please use "isolatedModules: true" in 
C:/Users/mtahi/OneDrive/Desktop/FYP/Code/backend/tsconfig.test.json instead, see https://www.typescriptlang.org/tsconfig/#isolatedModules
  
ts-jest[config] (WARN) 
    The "ts-jest" config option "isolatedModules" is deprecated and will be removed in v30.0.0. Please use "isolatedModules: true" in 
C:/Users/mtahi/OneDrive/Desktop/FYP/Code/backend/tsconfig.test.json instead, see https://www.typescriptlang.org/tsconfig/#isolatedModules
  
ts-jest[config] (WARN) 
    The "ts-jest" config option "isolatedModules" is deprecated and will be removed in v30.0.0. Please use "isolatedModules: true" in 
C:/Users/mtahi/OneDrive/Desktop/FYP/Code/backend/tsconfig.test.json instead, see https://www.typescriptlang.org/tsconfig/#isolatedModules
  
ts-jest[config] (WARN) 
    The "ts-jest" config option "isolatedModules" is deprecated and will be removed in v30.0.0. Please use "isolatedModules: true" in 
C:/Users/mtahi/OneDrive/Desktop/FYP/Code/backend/tsconfig.test.json instead, see https://www.typescriptlang.org/tsconfig/#isolatedModules
  
  console.log
    [dotenv@17.2.3] injecting env (12) from .env.test -- tip: Ô£à audit secrets and track compliance: https://dotenvx.com/ops

      at _log (node_modules/dotenv/lib/main.js:142:11)

  console.log
    [dotenv@17.2.3] injecting env (12) from .env.test -- tip: ­ƒôí add observability to secrets: https://dotenvx.com/ops

      at _log (node_modules/dotenv/lib/main.js:142:11)

  console.log
    [dotenv@17.2.3] injecting env (12) from .env.test -- tip: ­ƒöÉ prevent building .env in docker: https://dotenvx.com/prebuild

      at _log (node_modules/dotenv/lib/main.js:142:11)

  console.log
    [dotenv@17.2.3] injecting env (12) from .env.test -- tip: ­ƒöä add secrets lifecycle management: https://dotenvx.com/ops

      at _log (node_modules/dotenv/lib/main.js:142:11)

  console.log
    [dotenv@17.2.3] injecting env (12) from .env.test -- tip: Ô£à audit secrets and track compliance: https://dotenvx.com/ops

      at _log (node_modules/dotenv/lib/main.js:142:11)

  console.log
    [dotenv@17.2.3] injecting env (12) from .env.test -- tip: Ô£à audit secrets and track compliance: https://dotenvx.com/ops

      at _log (node_modules/dotenv/lib/main.js:142:11)

(node:32636) [DEP0040] DeprecationWarning: The `punycode` module is deprecated. Please use a userland alternative instead.
(Use `node --trace-deprecation ...` to show where the warning was created)
(node:16788) [DEP0040] DeprecationWarning: The `punycode` module is deprecated. Please use a userland alternative instead.
(Use `node --trace-deprecation ...` to show where the warning was created)
(node:3708) [DEP0040] DeprecationWarning: The `punycode` module is deprecated. Please use a userland alternative instead.
(Use `node --trace-deprecation ...` to show where the warning was created)
(node:41676) [DEP0040] DeprecationWarning: The `punycode` module is deprecated. Please use a userland alternative instead.
(Use `node --trace-deprecation ...` to show where the warning was created)
(node:1892) [DEP0040] DeprecationWarning: The `punycode` module is deprecated. Please use a userland alternative instead.
(Use `node --trace-deprecation ...` to show where the warning was created)
(node:40356) [DEP0040] DeprecationWarning: The `punycode` module is deprecated. Please use a userland alternative instead.
(Use `node --trace-deprecation ...` to show where the warning was created)
POST /api/auth/register 201 440 - 324.688 ms
POST /api/auth/register 201 439 - 320.662 ms
POST /api/auth/register 201 426 - 353.178 ms
POST /api/auth/register 201 432 - 367.594 ms
POST /api/jobs 400 121 - 21.556 ms
POST /api/auth/register 201 426 - 415.654 ms
POST /api/auth/register 201 436 - 217.496 ms
POST /api/auth/register 201 458 - 125.855 ms
POST /api/auth/register 201 454 - 103.897 ms
POST /api/auth/register 201 447 - 99.149 ms
POST /api/auth/register 201 426 - 94.148 ms
POST /api/auth/register 201 441 - 94.552 ms
POST /api/consultants 201 586 - 32.129 ms
POST /api/jobs 400 121 - 4.548 ms
POST /api/auth/register 201 453 - 95.425 ms
POST /api/jobs 400 121 - 12.453 ms
POST /api/auth/register 201 458 - 88.872 ms
POST /api/consultants 201 571 - 31.831 ms
POST /api/auth/register 201 437 - 91.501 ms
POST /api/jobs 400 121 - 15.133 ms
POST /api/auth/login 401 72 - 17.876 ms
POST /api/consultants 201 551 - 33.126 ms
POST /api/consultants 201 573 - 29.969 ms
POST /api/auth/login 401 72 - 4.119 ms
POST /api/consultants 201 559 - 7.850 ms
POST /api/jobs 400 121 - 13.897 ms
POST /api/auth/register 409 66 - 6.982 ms
POST /api/auth/register 201 426 - 87.171 ms
GET /api/users/me 404 61 - 11.631 ms
POST /api/jobs 400 121 - 3.152 ms
POST /api/auth/register 201 432 - 88.306 ms
POST /api/consultants 201 452 - 9.773 ms
POST /api/auth/register 201 426 - 86.239 ms
POST /api/consultants 201 691 - 34.999 ms
POST /api/jobs 400 121 - 13.151 ms
GET /api/consultants/69487b25239e0573ab3df8e1 404 67 - 8.310 ms
POST /api/jobs 400 121 - 4.050 ms
POST /api/jobs 400 121 - 3.051 ms
PUT /api/consultants/69487b25239e0573ab3df8e1 404 67 - 15.631 ms
POST /api/auth/register 201 426 - 90.359 ms
POST /api/auth/register 201 447 - 96.086 ms
POST /api/jobs 400 121 - 3.562 ms
POST /api/jobs 400 121 - 4.268 ms
POST /api/auth/register 201 441 - 94.401 ms
POST /api/consultants 201 586 - 21.663 ms
POST /api/jobs 400 121 - 6.143 ms
POST /api/consultants 201 571 - 14.180 ms
POST /api/jobs 201 668 - 32.588 ms
POST /api/jobs 400 121 - 5.140 ms
POST /api/jobs 400 121 - 5.017 ms
POST /api/jobs 400 121 - 3.103 ms
GET /api/jobs 200 90 - 13.186 ms
GET /api/jobs/69487b26239e0573ab3df907 404 60 - 4.279 ms
POST /api/jobs 201 10366 - 14.508 ms
POST /api/auth/register 201 426 - 89.002 ms
  console.log
    ­ƒöì getJobsByBuyer called with buyerId: 69487b25239e0573ab3df8a1

      at log (src/modules/job/job.controller.ts:67:11)

POST /api/jobs 400 121 - 4.596 ms
POST /api/jobs 400 121 - 4.444 ms
  console.log
    ­ƒôè Found jobs for buyer: 0

      at log (src/modules/job/job.controller.ts:69:11)

GET /api/jobs/buyer/69487b25239e0573ab3df8a1 200 26 - 18.428 ms
POST /api/jobs 400 121 - 2.862 ms
POST /api/jobs 400 185 - 5.133 ms
  console.log
    ­ƒöì getJobsByBuyer called with buyerId: 69487b26b2582c56f1323dba

      at log (src/modules/job/job.controller.ts:67:11)

  console.log
    ­ƒôè Found jobs for buyer: 0

      at log (src/modules/job/job.controller.ts:69:11)

GET /api/jobs/buyer/69487b26b2582c56f1323dba 200 26 - 15.414 ms
PUT /api/jobs/69487b26239e0573ab3df907 404 60 - 7.283 ms
POST /api/auth/register 201 426 - 94.165 ms
POST /api/jobs 400 121 - 4.497 ms
POST /api/proposals 400 139 - 4.641 ms
POST /api/jobs 400 121 - 2.670 ms
GET /api/proposals/consultant 400 83 - 3.275 ms
POST /api/jobs 400 121 - 2.831 ms
POST /api/jobs 400 121 - 2.631 ms
POST /api/jobs 400 121 - 2.392 ms
GET /api/proposals/job/69487b26239e0573ab3df907 200 26 - 5.334 ms
POST /api/jobs 400 121 - 2.480 ms
GET /api/jobs?page=1&limit=3 200 89 - 12.264 ms
GET /api/proposals/undefined 400 83 - 2.881 ms
POST /api/auth/register 201 441 - 99.424 ms
POST /api/proposals 400 193 - 3.087 ms
POST /api/consultants 201 571 - 14.351 ms
POST /api/jobs 400 121 - 3.553 ms
PATCH /api/proposals/undefined/accept 400 83 - 2.277 ms
GET /api/proposals/undefined 400 83 - 2.478 ms
GET /api/jobs/69487b26239e0573ab3df907 404 60 - 5.980 ms
POST /api/auth/register 201 448 - 98.541 ms
GET /api/proposals/consultant 400 83 - 4.321 ms
GET /api/orders 200 92 - 8.034 ms
FAIL src/__tests__/integration/proposal-acceptance-flow.test.ts (5.775 s)
  Integration Testing - Proposal Acceptance to Order Flow
    ├ù should complete proposal acceptance to order creation flow (638 ms)
    ├ù should reject proposal and not create order (268 ms)

  ÔùÅ Integration Testing - Proposal Acceptance to Order Flow ÔÇ║ should complete proposal acceptance to order creation flow

    TypeError: Cannot read properties of undefined (reading '_id')

    [0m [90m 57 |[39m         location[33m:[39m [32m'Karachi'[39m[33m,[39m
     [90m 58 |[39m       })[33m;[39m
    [31m[1m>[22m[39m[90m 59 |[39m     jobId [33m=[39m jobResponse[33m.[39mbody[33m.[39mdata[33m.[39m_id[33m;[39m
     [90m    |[39m                                   [31m[1m^[22m[39m
     [90m 60 |[39m
     [90m 61 |[39m     [90m// Submit proposal[39m
     [90m 62 |[39m     [36mconst[39m proposalResponse [33m=[39m [36mawait[39m request(app)[0m

      at Object.<anonymous> (src/__tests__/integration/proposal-acceptance-flow.test.ts:59:35)

  ÔùÅ Integration Testing - Proposal Acceptance to Order Flow ÔÇ║ should reject proposal and not create order

    TypeError: Cannot read properties of undefined (reading '_id')

    [0m [90m 57 |[39m         location[33m:[39m [32m'Karachi'[39m[33m,[39m
     [90m 58 |[39m       })[33m;[39m
    [31m[1m>[22m[39m[90m 59 |[39m     jobId [33m=[39m jobResponse[33m.[39mbody[33m.[39mdata[33m.[39m_id[33m;[39m
     [90m    |[39m                                   [31m[1m^[22m[39m
     [90m 60 |[39m
     [90m 61 |[39m     [90m// Submit proposal[39m
     [90m 62 |[39m     [36mconst[39m proposalResponse [33m=[39m [36mawait[39m request(app)[0m

      at Object.<anonymous> (src/__tests__/integration/proposal-acceptance-flow.test.ts:59:35)

GET /api/orders 200 92 - 11.385 ms
POST /api/auth/register 201 426 - 94.462 ms
GET /api/orders/undefined 400 83 - 1.966 ms
PATCH /api/orders/undefined/request-completion 400 83 - 2.771 ms
FAIL src/__tests__/e2e/authorization-security.test.ts (5.835 s)
  E2E: Authorization & Security
    Authentication Requirements
      ├ù should reject unauthenticated access to protected endpoints (20 ms)
      ├ù should reject invalid tokens (14 ms)
    Role-Based Access Control
      ├ù should prevent consultant from creating jobs (16 ms)
      ├ù should prevent buyer from creating consultant profile (12 ms)
      ├ù should prevent buyer from submitting proposals (17 ms)
    Resource Ownership Verification
      ├ù should prevent editing jobs owned by other users (11 ms)
      ├ù should prevent deleting jobs owned by other users (9 ms)
      ├ù should prevent accepting proposals for jobs not owned (11 ms)
      ├ù should prevent consultants from confirming order completion (12 ms)
      ├ù should prevent buyers from requesting order completion (11 ms)
    Payment Security
      ├ù should prevent unauthorized payment release (21 ms)
      ├ù should prevent consultants from releasing payment (23 ms)
    Data Validation & Integrity
      ├ù should prevent negative bid amounts in proposals (22 ms)
      ├ù should prevent empty required fields in job posting (12 ms)
      ├ù should prevent accessing non-existent resources (13 ms)

  ÔùÅ E2E: Authorization & Security ÔÇ║ Authentication Requirements ÔÇ║ should reject unauthenticated access to protected endpoints

    TypeError: Cannot read properties of undefined (reading '_id')

    [0m [90m 85 |[39m         location[33m:[39m [32m'Lahore'[39m[33m,[39m
     [90m 86 |[39m       })[33m;[39m
    [31m[1m>[22m[39m[90m 87 |[39m     jobId [33m=[39m jobResponse[33m.[39mbody[33m.[39mdata[33m.[39m_id[33m;[39m
     [90m    |[39m                                   [31m[1m^[22m[39m
     [90m 88 |[39m
     [90m 89 |[39m     [90m// Create a proposal[39m
     [90m 90 |[39m     [36mconst[39m proposalResponse [33m=[39m [36mawait[39m request(app)[0m

      at Object.<anonymous> (src/__tests__/e2e/authorization-security.test.ts:87:35)

  ÔùÅ E2E: Authorization & Security ÔÇ║ Authentication Requirements ÔÇ║ should reject invalid tokens

    TypeError: Cannot read properties of undefined (reading '_id')

    [0m [90m 85 |[39m         location[33m:[39m [32m'Lahore'[39m[33m,[39m
     [90m 86 |[39m       })[33m;[39m
    [31m[1m>[22m[39m[90m 87 |[39m     jobId [33m=[39m jobResponse[33m.[39mbody[33m.[39mdata[33m.[39m_id[33m;[39m
     [90m    |[39m                                   [31m[1m^[22m[39m
     [90m 88 |[39m
     [90m 89 |[39m     [90m// Create a proposal[39m
     [90m 90 |[39m     [36mconst[39m proposalResponse [33m=[39m [36mawait[39m request(app)[0m

      at Object.<anonymous> (src/__tests__/e2e/authorization-security.test.ts:87:35)

  ÔùÅ E2E: Authorization & Security ÔÇ║ Role-Based Access Control ÔÇ║ should prevent consultant from creating jobs

    TypeError: Cannot read properties of undefined (reading '_id')

    [0m [90m 85 |[39m         location[33m:[39m [32m'Lahore'[39m[33m,[39m
     [90m 86 |[39m       })[33m;[39m
    [31m[1m>[22m[39m[90m 87 |[39m     jobId [33m=[39m jobResponse[33m.[39mbody[33m.[39mdata[33m.[39m_id[33m;[39m
     [90m    |[39m                                   [31m[1m^[22m[39m
     [90m 88 |[39m
     [90m 89 |[39m     [90m// Create a proposal[39m
     [90m 90 |[39m     [36mconst[39m proposalResponse [33m=[39m [36mawait[39m request(app)[0m

      at Object.<anonymous> (src/__tests__/e2e/authorization-security.test.ts:87:35)

  ÔùÅ E2E: Authorization & Security ÔÇ║ Role-Based Access Control ÔÇ║ should prevent buyer from creating consultant profile

    TypeError: Cannot read properties of undefined (reading '_id')

    [0m [90m 85 |[39m         location[33m:[39m [32m'Lahore'[39m[33m,[39m
     [90m 86 |[39m       })[33m;[39m
    [31m[1m>[22m[39m[90m 87 |[39m     jobId [33m=[39m jobResponse[33m.[39mbody[33m.[39mdata[33m.[39m_id[33m;[39m
     [90m    |[39m                                   [31m[1m^[22m[39m
     [90m 88 |[39m
     [90m 89 |[39m     [90m// Create a proposal[39m
     [90m 90 |[39m     [36mconst[39m proposalResponse [33m=[39m [36mawait[39m request(app)[0m

      at Object.<anonymous> (src/__tests__/e2e/authorization-security.test.ts:87:35)

  ÔùÅ E2E: Authorization & Security ÔÇ║ Role-Based Access Control ÔÇ║ should prevent buyer from submitting proposals

    TypeError: Cannot read properties of undefined (reading '_id')

    [0m [90m 85 |[39m         location[33m:[39m [32m'Lahore'[39m[33m,[39m
     [90m 86 |[39m       })[33m;[39m
    [31m[1m>[22m[39m[90m 87 |[39m     jobId [33m=[39m jobResponse[33m.[39mbody[33m.[39mdata[33m.[39m_id[33m;[39m
     [90m    |[39m                                   [31m[1m^[22m[39m
     [90m 88 |[39m
     [90m 89 |[39m     [90m// Create a proposal[39m
     [90m 90 |[39m     [36mconst[39m proposalResponse [33m=[39m [36mawait[39m request(app)[0m

      at Object.<anonymous> (src/__tests__/e2e/authorization-security.test.ts:87:35)

  ÔùÅ E2E: Authorization & Security ÔÇ║ Resource Ownership Verification ÔÇ║ should prevent editing jobs owned by other users

    TypeError: Cannot read properties of undefined (reading '_id')

    [0m [90m 85 |[39m         location[33m:[39m [32m'Lahore'[39m[33m,[39m
     [90m 86 |[39m       })[33m;[39m
    [31m[1m>[22m[39m[90m 87 |[39m     jobId [33m=[39m jobResponse[33m.[39mbody[33m.[39mdata[33m.[39m_id[33m;[39m
     [90m    |[39m                                   [31m[1m^[22m[39m
     [90m 88 |[39m
     [90m 89 |[39m     [90m// Create a proposal[39m
     [90m 90 |[39m     [36mconst[39m proposalResponse [33m=[39m [36mawait[39m request(app)[0m

      at Object.<anonymous> (src/__tests__/e2e/authorization-security.test.ts:87:35)

  ÔùÅ E2E: Authorization & Security ÔÇ║ Resource Ownership Verification ÔÇ║ should prevent deleting jobs owned by other users

    TypeError: Cannot read properties of undefined (reading '_id')

    [0m [90m 85 |[39m         location[33m:[39m [32m'Lahore'[39m[33m,[39m
     [90m 86 |[39m       })[33m;[39m
    [31m[1m>[22m[39m[90m 87 |[39m     jobId [33m=[39m jobResponse[33m.[39mbody[33m.[39mdata[33m.[39m_id[33m;[39m
     [90m    |[39m                                   [31m[1m^[22m[39m
     [90m 88 |[39m
     [90m 89 |[39m     [90m// Create a proposal[39m
     [90m 90 |[39m     [36mconst[39m proposalResponse [33m=[39m [36mawait[39m request(app)[0m

      at Object.<anonymous> (src/__tests__/e2e/authorization-security.test.ts:87:35)

  ÔùÅ E2E: Authorization & Security ÔÇ║ Resource Ownership Verification ÔÇ║ should prevent accepting proposals for jobs not owned

    TypeError: Cannot read properties of undefined (reading '_id')

    [0m [90m 85 |[39m         location[33m:[39m [32m'Lahore'[39m[33m,[39m
     [90m 86 |[39m       })[33m;[39m
    [31m[1m>[22m[39m[90m 87 |[39m     jobId [33m=[39m jobResponse[33m.[39mbody[33m.[39mdata[33m.[39m_id[33m;[39m
     [90m    |[39m                                   [31m[1m^[22m[39m
     [90m 88 |[39m
     [90m 89 |[39m     [90m// Create a proposal[39m
     [90m 90 |[39m     [36mconst[39m proposalResponse [33m=[39m [36mawait[39m request(app)[0m

      at Object.<anonymous> (src/__tests__/e2e/authorization-security.test.ts:87:35)

  ÔùÅ E2E: Authorization & Security ÔÇ║ Resource Ownership Verification ÔÇ║ should prevent consultants from confirming order completion

    TypeError: Cannot read properties of undefined (reading '_id')

    [0m [90m 85 |[39m         location[33m:[39m [32m'Lahore'[39m[33m,[39m
     [90m 86 |[39m       })[33m;[39m
    [31m[1m>[22m[39m[90m 87 |[39m     jobId [33m=[39m jobResponse[33m.[39mbody[33m.[39mdata[33m.[39m_id[33m;[39m
     [90m    |[39m                                   [31m[1m^[22m[39m
     [90m 88 |[39m
     [90m 89 |[39m     [90m// Create a proposal[39m
     [90m 90 |[39m     [36mconst[39m proposalResponse [33m=[39m [36mawait[39m request(app)[0m

      at Object.<anonymous> (src/__tests__/e2e/authorization-security.test.ts:87:35)

  ÔùÅ E2E: Authorization & Security ÔÇ║ Resource Ownership Verification ÔÇ║ should prevent buyers from requesting order completion

    TypeError: Cannot read properties of undefined (reading '_id')

    [0m [90m 85 |[39m         location[33m:[39m [32m'Lahore'[39m[33m,[39m
     [90m 86 |[39m       })[33m;[39m
    [31m[1m>[22m[39m[90m 87 |[39m     jobId [33m=[39m jobResponse[33m.[39mbody[33m.[39mdata[33m.[39m_id[33m;[39m
     [90m    |[39m                                   [31m[1m^[22m[39m
     [90m 88 |[39m
     [90m 89 |[39m     [90m// Create a proposal[39m
     [90m 90 |[39m     [36mconst[39m proposalResponse [33m=[39m [36mawait[39m request(app)[0m

      at Object.<anonymous> (src/__tests__/e2e/authorization-security.test.ts:87:35)

  ÔùÅ E2E: Authorization & Security ÔÇ║ Payment Security ÔÇ║ should prevent unauthorized payment release

    TypeError: Cannot read properties of undefined (reading '_id')

    [0m [90m 85 |[39m         location[33m:[39m [32m'Lahore'[39m[33m,[39m
     [90m 86 |[39m       })[33m;[39m
    [31m[1m>[22m[39m[90m 87 |[39m     jobId [33m=[39m jobResponse[33m.[39mbody[33m.[39mdata[33m.[39m_id[33m;[39m
     [90m    |[39m                                   [31m[1m^[22m[39m
     [90m 88 |[39m
     [90m 89 |[39m     [90m// Create a proposal[39m
     [90m 90 |[39m     [36mconst[39m proposalResponse [33m=[39m [36mawait[39m request(app)[0m

      at Object.<anonymous> (src/__tests__/e2e/authorization-security.test.ts:87:35)

  ÔùÅ E2E: Authorization & Security ÔÇ║ Payment Security ÔÇ║ should prevent consultants from releasing payment

    TypeError: Cannot read properties of undefined (reading '_id')

    [0m [90m 85 |[39m         location[33m:[39m [32m'Lahore'[39m[33m,[39m
     [90m 86 |[39m       })[33m;[39m
    [31m[1m>[22m[39m[90m 87 |[39m     jobId [33m=[39m jobResponse[33m.[39mbody[33m.[39mdata[33m.[39m_id[33m;[39m
     [90m    |[39m                                   [31m[1m^[22m[39m
     [90m 88 |[39m
     [90m 89 |[39m     [90m// Create a proposal[39m
     [90m 90 |[39m     [36mconst[39m proposalResponse [33m=[39m [36mawait[39m request(app)[0m

      at Object.<anonymous> (src/__tests__/e2e/authorization-security.test.ts:87:35)

  ÔùÅ E2E: Authorization & Security ÔÇ║ Data Validation & Integrity ÔÇ║ should prevent negative bid amounts in proposals

    TypeError: Cannot read properties of undefined (reading '_id')

    [0m [90m 85 |[39m         location[33m:[39m [32m'Lahore'[39m[33m,[39m
     [90m 86 |[39m       })[33m;[39m
    [31m[1m>[22m[39m[90m 87 |[39m     jobId [33m=[39m jobResponse[33m.[39mbody[33m.[39mdata[33m.[39m_id[33m;[39m
     [90m    |[39m                                   [31m[1m^[22m[39m
     [90m 88 |[39m
     [90m 89 |[39m     [90m// Create a proposal[39m
     [90m 90 |[39m     [36mconst[39m proposalResponse [33m=[39m [36mawait[39m request(app)[0m

      at Object.<anonymous> (src/__tests__/e2e/authorization-security.test.ts:87:35)

  ÔùÅ E2E: Authorization & Security ÔÇ║ Data Validation & Integrity ÔÇ║ should prevent empty required fields in job posting

    TypeError: Cannot read properties of undefined (reading '_id')

    [0m [90m 85 |[39m         location[33m:[39m [32m'Lahore'[39m[33m,[39m
     [90m 86 |[39m       })[33m;[39m
    [31m[1m>[22m[39m[90m 87 |[39m     jobId [33m=[39m jobResponse[33m.[39mbody[33m.[39mdata[33m.[39m_id[33m;[39m
     [90m    |[39m                                   [31m[1m^[22m[39m
     [90m 88 |[39m
     [90m 89 |[39m     [90m// Create a proposal[39m
     [90m 90 |[39m     [36mconst[39m proposalResponse [33m=[39m [36mawait[39m request(app)[0m

      at Object.<anonymous> (src/__tests__/e2e/authorization-security.test.ts:87:35)

  ÔùÅ E2E: Authorization & Security ÔÇ║ Data Validation & Integrity ÔÇ║ should prevent accessing non-existent resources

    TypeError: Cannot read properties of undefined (reading '_id')

    [0m [90m 85 |[39m         location[33m:[39m [32m'Lahore'[39m[33m,[39m
     [90m 86 |[39m       })[33m;[39m
    [31m[1m>[22m[39m[90m 87 |[39m     jobId [33m=[39m jobResponse[33m.[39mbody[33m.[39mdata[33m.[39m_id[33m;[39m
     [90m    |[39m                                   [31m[1m^[22m[39m
     [90m 88 |[39m
     [90m 89 |[39m     [90m// Create a proposal[39m
     [90m 90 |[39m     [36mconst[39m proposalResponse [33m=[39m [36mawait[39m request(app)[0m

      at Object.<anonymous> (src/__tests__/e2e/authorization-security.test.ts:87:35)

GET /api/orders/undefined 400 83 - 2.021 ms
PATCH /api/orders/undefined/confirm-completion 400 83 - 2.181 ms
POST /api/auth/register 201 441 - 100.161 ms
POST /api/orders/undefined/release-payment 404 100 - 2.099 ms
POST /api/consultants 201 571 - 12.014 ms
POST /api/jobs 400 121 - 3.622 ms
GET /api/orders/undefined 400 83 - 2.518 ms
GET /api/consultants/69487b25239e0573ab3df8e1/earnings 404 113 - 0.260 ms
FAIL src/__tests__/functional/job-management.test.ts (6.005 s)
  Functional Testing - Job Management
    ├ù should create new job posting (519 ms)
    ├ù should view job details from My Jobs (119 ms)
    ├ù should edit existing job (120 ms)
    ├ù should delete job posting (137 ms)
    ├ù should view jobs by buyer (163 ms)

  ÔùÅ Functional Testing - Job Management ÔÇ║ should create new job posting

    expect(received).toBe(expected) // Object.is equality

    Expected: 201
    Received: 400

    [0m [90m 34 |[39m       })[33m;[39m
     [90m 35 |[39m
    [31m[1m>[22m[39m[90m 36 |[39m     expect(response[33m.[39mstatus)[33m.[39mtoBe([35m201[39m)[33m;[39m
     [90m    |[39m                             [31m[1m^[22m[39m
     [90m 37 |[39m     expect(response[33m.[39mbody[33m.[39msuccess)[33m.[39mtoBe([36mtrue[39m)[33m;[39m
     [90m 38 |[39m     expect(response[33m.[39mbody[33m.[39mdata[33m.[39mtitle)[33m.[39mtoBe([32m'Business Consultant Needed'[39m)[33m;[39m
     [90m 39 |[39m     expect(response[33m.[39mbody[33m.[39mdata[33m.[39mcategory)[33m.[39mtoBe([32m'Business'[39m)[33m;[39m[0m

      at Object.<anonymous> (src/__tests__/functional/job-management.test.ts:36:29)

  ÔùÅ Functional Testing - Job Management ÔÇ║ should view job details from My Jobs

    TypeError: Cannot read properties of undefined (reading '_id')

    [0m [90m 54 |[39m       })[33m;[39m
     [90m 55 |[39m
    [31m[1m>[22m[39m[90m 56 |[39m     [36mconst[39m jobId [33m=[39m createResponse[33m.[39mbody[33m.[39mdata[33m.[39m_id[33m;[39m
     [90m    |[39m                                            [31m[1m^[22m[39m
     [90m 57 |[39m
     [90m 58 |[39m     [90m// Get job details[39m
     [90m 59 |[39m     [36mconst[39m getResponse [33m=[39m [36mawait[39m request(app)[0m

      at Object.<anonymous> (src/__tests__/functional/job-management.test.ts:56:44)

  ÔùÅ Functional Testing - Job Management ÔÇ║ should edit existing job

    TypeError: Cannot read properties of undefined (reading '_id')

    [0m [90m 80 |[39m       })[33m;[39m
     [90m 81 |[39m
    [31m[1m>[22m[39m[90m 82 |[39m     [36mconst[39m jobId [33m=[39m createResponse[33m.[39mbody[33m.[39mdata[33m.[39m_id[33m;[39m
     [90m    |[39m                                            [31m[1m^[22m[39m
     [90m 83 |[39m
     [90m 84 |[39m     [90m// Update the job[39m
     [90m 85 |[39m     [36mconst[39m updateResponse [33m=[39m [36mawait[39m request(app)[0m

      at Object.<anonymous> (src/__tests__/functional/job-management.test.ts:82:44)

  ÔùÅ Functional Testing - Job Management ÔÇ║ should delete job posting

    TypeError: Cannot read properties of undefined (reading '_id')

    [0m [90m 114 |[39m       })[33m;[39m
     [90m 115 |[39m
    [31m[1m>[22m[39m[90m 116 |[39m     [36mconst[39m jobId [33m=[39m createResponse[33m.[39mbody[33m.[39mdata[33m.[39m_id[33m;[39m
     [90m     |[39m                                            [31m[1m^[22m[39m
     [90m 117 |[39m
     [90m 118 |[39m     [90m// Delete the job[39m
     [90m 119 |[39m     [36mconst[39m deleteResponse [33m=[39m [36mawait[39m request(app)[0m

      at Object.<anonymous> (src/__tests__/functional/job-management.test.ts:116:44)

  ÔùÅ Functional Testing - Job Management ÔÇ║ should view jobs by buyer

    expect(received).toBeGreaterThanOrEqual(expected)

    Expected: >= 2
    Received:    0

    [0m [90m 164 |[39m
     [90m 165 |[39m     expect(response[33m.[39mstatus)[33m.[39mtoBe([35m200[39m)[33m;[39m
    [31m[1m>[22m[39m[90m 166 |[39m     
expect(response[33m.[39mbody[33m.[39mdata[33m.[39mlength)[33m.[39mtoBeGreaterThanOrEqual([35m2[39m)[33m;[39m
     [90m     |[39m                                       [31m[1m^[22m[39m
     [90m 167 |[39m   })[33m;[39m
     [90m 168 |[39m })[33m;[39m
     [90m 169 |[39m[0m

      at Object.<anonymous> (src/__tests__/functional/job-management.test.ts:166:39)

POST /api/conversations 404 81 - 0.205 ms
POST /api/messages 400 85 - 3.093 ms
GET /api/messages/undefined 400 92 - 2.845 ms
POST /api/auth/register 201 426 - 88.631 ms
POST /api/messages 400 85 - 1.614 ms
GET /api/conversations 200 26 - 6.447 ms
POST /api/reviews 404 85 - 4.695 ms
POST /api/auth/register 201 441 - 87.864 ms
GET /api/reviews/consultant/69487b25239e0573ab3df8e1 200 138 - 7.606 ms
POST /api/consultants 201 571 - 7.688 ms
POST /api/jobs 400 121 - 3.298 ms
GET /api/consultants/69487b25239e0573ab3df8e1 404 67 - 4.879 ms
POST /api/reviews 404 85 - 4.985 ms
FAIL src/__tests__/e2e/edge-cases.test.ts (6.181 s)
  E2E: Edge Cases & Error Handling
    Duplicate Prevention
      ├ù should prevent duplicate email registration (37 ms)
      ├ù should prevent duplicate consultant profile creation (33 ms)
      ├ù should prevent duplicate proposals for same job (35 ms)
    Concurrent Operations
      ├ù should handle multiple proposals for same job from different consultants (26 ms)
      ├ù should prevent accepting multiple proposals for same job (27 ms)
    State Conflicts
      ├ù should prevent modifying completed orders (37 ms)
      ├ù should prevent accepting already accepted proposals (27 ms)
      ├ù should prevent deleting jobs with accepted proposals (28 ms)
    Data Limits & Edge Values
      ÔêÜ should handle very long text inputs (31 ms)
      ÔêÜ should handle zero budget values (24 ms)
      ÔêÜ should handle inverted budget range (31 ms)
      ÔêÜ should handle special characters in text fields (26 ms)
    Pagination & Large Data Sets
      ÔêÜ should handle pagination for jobs list (80 ms)
      ├ù should handle empty result sets gracefully (126 ms)

  ÔùÅ E2E: Edge Cases & Error Handling ÔÇ║ Duplicate Prevention ÔÇ║ should prevent duplicate email registration

    expect(received).toBe(expected) // Object.is equality

    Expected: 400
    Received: 409

    [0m [90m 100 |[39m         })[33m;[39m
     [90m 101 |[39m
    [31m[1m>[22m[39m[90m 102 |[39m       expect(response[33m.[39mstatus)[33m.[39mtoBe([35m400[39m)[33m;[39m
     [90m     |[39m                               [31m[1m^[22m[39m
     [90m 103 |[39m       expect(response[33m.[39mbody[33m.[39msuccess)[33m.[39mtoBe([36mfalse[39m)[33m;[39m
     [90m 104 |[39m     })[33m;[39m
     [90m 105 |[39m[0m

      at Object.<anonymous> (src/__tests__/e2e/edge-cases.test.ts:102:31)

  ÔùÅ E2E: Edge Cases & Error Handling ÔÇ║ Duplicate Prevention ÔÇ║ should prevent duplicate consultant profile creation

    expect(received).toContain(expected) // indexOf

    Expected value: 201
    Received array: [400, 500]

    [0m [90m 118 |[39m         })[33m;[39m
     [90m 119 |[39m
    [31m[1m>[22m[39m[90m 120 |[39m       expect([[35m400[39m[33m,[39m [35m500[39m])[33m.[39mtoContain(response[33m.[39mstatus)[33m;[39m
     [90m     |[39m                          [31m[1m^[22m[39m
     [90m 121 |[39m     })[33m;[39m
     [90m 122 |[39m
     [90m 123 |[39m     it([32m'should prevent duplicate proposals for same job'[39m[33m,[39m [36masync[39m () [33m=>[39m {[0m

      at Object.<anonymous> (src/__tests__/e2e/edge-cases.test.ts:120:26)

  ÔùÅ E2E: Edge Cases & Error Handling ÔÇ║ Duplicate Prevention ÔÇ║ should prevent duplicate proposals for same job

    TypeError: Cannot read properties of undefined (reading '_id')

    [0m [90m 134 |[39m           location[33m:[39m [32m'Lahore'[39m[33m,[39m
     [90m 135 |[39m         })[33m;[39m
    [31m[1m>[22m[39m[90m 136 |[39m       [36mconst[39m jobId [33m=[39m jobResponse[33m.[39mbody[33m.[39mdata[33m.[39m_id[33m;[39m
     [90m     |[39m                                           [31m[1m^[22m[39m
     [90m 137 |[39m
     [90m 138 |[39m       [90m// Submit first proposal[39m
     [90m 139 |[39m       [36mawait[39m request(app)[0m

      at Object.<anonymous> (src/__tests__/e2e/edge-cases.test.ts:136:43)

  ÔùÅ E2E: Edge Cases & Error Handling ÔÇ║ Concurrent Operations ÔÇ║ should handle multiple proposals for same job from different consultants

    TypeError: Cannot read properties of undefined (reading '_id')

    [0m [90m 179 |[39m           location[33m:[39m [32m'Lahore'[39m[33m,[39m
     [90m 180 |[39m         })[33m;[39m
    [31m[1m>[22m[39m[90m 181 |[39m       [36mconst[39m jobId [33m=[39m jobResponse[33m.[39mbody[33m.[39mdata[33m.[39m_id[33m;[39m
     [90m     |[39m                                           [31m[1m^[22m[39m
     [90m 182 |[39m
     [90m 183 |[39m       [90m// Submit proposals from both consultants simultaneously[39m
     [90m 184 |[39m       [36mconst[39m [proposal1[33m,[39m proposal2] [33m=[39m [36mawait[39m [33mPromise[39m[33m.[39mall([[0m

      at Object.<anonymous> (src/__tests__/e2e/edge-cases.test.ts:181:43)

  ÔùÅ E2E: Edge Cases & Error Handling ÔÇ║ Concurrent Operations ÔÇ║ should prevent accepting multiple proposals for same job

    TypeError: Cannot read properties of undefined (reading '_id')

    [0m [90m 227 |[39m           location[33m:[39m [32m'Lahore'[39m[33m,[39m
     [90m 228 |[39m         })[33m;[39m
    [31m[1m>[22m[39m[90m 229 |[39m       [36mconst[39m jobId [33m=[39m jobResponse[33m.[39mbody[33m.[39mdata[33m.[39m_id[33m;[39m
     [90m     |[39m                                           [31m[1m^[22m[39m
     [90m 230 |[39m
     [90m 231 |[39m       [90m// Submit two proposals[39m
     [90m 232 |[39m       [36mconst[39m proposal1Response [33m=[39m [36mawait[39m request(app)[0m

      at Object.<anonymous> (src/__tests__/e2e/edge-cases.test.ts:229:43)

  ÔùÅ E2E: Edge Cases & Error Handling ÔÇ║ State Conflicts ÔÇ║ should prevent modifying completed orders

    TypeError: Cannot read properties of undefined (reading '_id')

    [0m [90m 286 |[39m           location[33m:[39m [32m'Lahore'[39m[33m,[39m
     [90m 287 |[39m         })[33m;[39m
    [31m[1m>[22m[39m[90m 288 |[39m       [36mconst[39m jobId [33m=[39m jobResponse[33m.[39mbody[33m.[39mdata[33m.[39m_id[33m;[39m
     [90m     |[39m                                           [31m[1m^[22m[39m
     [90m 289 |[39m
     [90m 290 |[39m       [36mconst[39m proposalResponse [33m=[39m [36mawait[39m request(app)
     [90m 291 |[39m         [33m.[39mpost([32m'/api/proposals'[39m)[0m

      at Object.<anonymous> (src/__tests__/e2e/edge-cases.test.ts:288:43)

  ÔùÅ E2E: Edge Cases & Error Handling ÔÇ║ State Conflicts ÔÇ║ should prevent accepting already accepted proposals

    TypeError: Cannot read properties of undefined (reading '_id')

    [0m [90m 336 |[39m           location[33m:[39m [32m'Lahore'[39m[33m,[39m
     [90m 337 |[39m         })[33m;[39m
    [31m[1m>[22m[39m[90m 338 |[39m       [36mconst[39m jobId [33m=[39m jobResponse[33m.[39mbody[33m.[39mdata[33m.[39m_id[33m;[39m
     [90m     |[39m                                           [31m[1m^[22m[39m
     [90m 339 |[39m
     [90m 340 |[39m       [36mconst[39m proposalResponse [33m=[39m [36mawait[39m request(app)
     [90m 341 |[39m         [33m.[39mpost([32m'/api/proposals'[39m)[0m

      at Object.<anonymous> (src/__tests__/e2e/edge-cases.test.ts:338:43)

  ÔùÅ E2E: Edge Cases & Error Handling ÔÇ║ State Conflicts ÔÇ║ should prevent deleting jobs with accepted proposals

    TypeError: Cannot read properties of undefined (reading '_id')

    [0m [90m 375 |[39m           location[33m:[39m [32m'Lahore'[39m[33m,[39m
     [90m 376 |[39m         })[33m;[39m
    [31m[1m>[22m[39m[90m 377 |[39m       [36mconst[39m jobId [33m=[39m jobResponse[33m.[39mbody[33m.[39mdata[33m.[39m_id[33m;[39m
     [90m     |[39m                                           [31m[1m^[22m[39m
     [90m 378 |[39m
     [90m 379 |[39m       [36mconst[39m proposalResponse [33m=[39m [36mawait[39m request(app)
     [90m 380 |[39m         [33m.[39mpost([32m'/api/proposals'[39m)[0m

      at Object.<anonymous> (src/__tests__/e2e/edge-cases.test.ts:377:43)

  ÔùÅ E2E: Edge Cases & Error Handling ÔÇ║ Pagination & Large Data Sets ÔÇ║ should handle empty result sets gracefully

    expect(received).toBe(expected) // Object.is equality

    Expected: 200
    Received: 400

    [0m [90m 526 |[39m         [33m.[39m[36mset[39m([32m'Authorization'[39m[33m,[39m [32m`Bearer ${newConsultantToken}`[39m)[33m;[39m
     [90m 527 |[39m
    [31m[1m>[22m[39m[90m 528 |[39m       expect(response[33m.[39mstatus)[33m.[39mtoBe([35m200[39m)[33m;[39m
     [90m     |[39m                               [31m[1m^[22m[39m
     [90m 529 |[39m       expect([33mArray[39m[33m.[39misArray(response[33m.[39mbody[33m.[39mdata))[33m.[39mtoBe([36mtrue[39m)[33m;[39m
     [90m 530 |[39m       expect(response[33m.[39mbody[33m.[39mdata[33m.[39mlength)[33m.[39mtoBe([35m0[39m)[33m;[39m
     [90m 531 |[39m     })[33m;[39m[0m

      at Object.<anonymous> (src/__tests__/e2e/edge-cases.test.ts:528:31)

GET /api/proposals/consultant 400 83 - 1.724 ms
  console.log
    ­ƒöì getJobsByBuyer called with buyerId: 69487b25239e0573ab3df8a1

      at log (src/modules/job/job.controller.ts:67:11)

  console.log
    ­ƒôè Found jobs for buyer: 0

      at log (src/modules/job/job.controller.ts:69:11)

GET /api/jobs/buyer/69487b25239e0573ab3df8a1 200 26 - 8.763 ms
POST /api/auth/register 201 426 - 85.152 ms
  console.log
    Getting stats for consultant: 69487b25239e0573ab3df8e1 year: 2025

      at Object.log [as getConsultantStats] (src/modules/consultant/consultant.service.ts:226:11)

  console.log
    Total proposals for consultant (ObjectId): 0

      at Object.log [as getConsultantStats] (src/modules/consultant/consultant.service.ts:231:11)

  console.log
    Total proposals for consultant (string): 0

      at Object.log [as getConsultantStats] (src/modules/consultant/consultant.service.ts:232:11)

  console.log
    Proposal stats found: []

      at Object.log [as getConsultantStats] (src/modules/consultant/consultant.service.ts:270:11)

  console.log
    Returning monthly data: [
      {
        month: 'Jan',
        proposals: 0,
        impressions: 0,
        clicks: 0,
        earnings: 0,
        pendingEarnings: 0,
        monthIndex: 0
      },
      {
        month: 'Feb',
        proposals: 0,
        impressions: 0,
        clicks: 0,
        earnings: 0,
        pendingEarnings: 0,
        monthIndex: 1
      },
      {
        month: 'Mar',
        proposals: 0,
        impressions: 0,
        clicks: 0,
        earnings: 0,
        pendingEarnings: 0,
        monthIndex: 2
      },
      {
        month: 'Apr',
        proposals: 0,
        impressions: 0,
        clicks: 0,
        earnings: 0,
        pendingEarnings: 0,
        monthIndex: 3
      },
      {
        month: 'May',
        proposals: 0,
        impressions: 0,
        clicks: 0,
        earnings: 0,
        pendingEarnings: 0,
        monthIndex: 4
      },
      {
        month: 'Jun',
        proposals: 0,
        impressions: 0,
        clicks: 0,
        earnings: 0,
        pendingEarnings: 0,
        monthIndex: 5
      },
      {
        month: 'Jul',
        proposals: 0,
        impressions: 0,
        clicks: 0,
        earnings: 0,
        pendingEarnings: 0,
        monthIndex: 6
      },
      {
        month: 'Aug',
        proposals: 0,
        impressions: 0,
        clicks: 0,
        earnings: 0,
        pendingEarnings: 0,
        monthIndex: 7
      },
      {
        month: 'Sep',
        proposals: 0,
        impressions: 0,
        clicks: 0,
        earnings: 0,
        pendingEarnings: 0,
        monthIndex: 8
      },
      {
        month: 'Oct',
        proposals: 0,
        impressions: 0,
        clicks: 0,
        earnings: 0,
        pendingEarnings: 0,
        monthIndex: 9
      },
      {
        month: 'Nov',
        proposals: 0,
        impressions: 0,
        clicks: 0,
        earnings: 0,
        pendingEarnings: 0,
        monthIndex: 10
      },
      {
        month: 'Dec',
        proposals: 0,
        impressions: 0,
        clicks: 0,
        earnings: 0,
        pendingEarnings: 0,
        monthIndex: 11
      }
    ]

      at Object.log [as getConsultantStats] (src/modules/consultant/consultant.service.ts:363:11)

GET /api/consultants/69487b25239e0573ab3df8e1/stats 200 1287 - 35.443 ms
POST /api/auth/register 201 441 - 91.515 ms
POST /api/consultants 201 571 - 8.542 ms
  console.log
    [dotenv@17.2.3] injecting env (12) from .env.test -- tip: ­ƒöÉ prevent committing .env to code: https://dotenvx.com/precommit

      at _log (node_modules/dotenv/lib/main.js:142:11)

POST /api/jobs 400 121 - 3.270 ms
  console.log
    [dotenv@17.2.3] injecting env (12) from .env.test -- tip: ÔÜÖ´©Å  specify custom .env file path with { path: '/custom/path/.env' }

      at _log (node_modules/dotenv/lib/main.js:142:11)

  console.log
    [dotenv@17.2.3] injecting env (12) from .env.test -- tip: ­ƒôí add observability to secrets: https://dotenvx.com/ops

      at _log (node_modules/dotenv/lib/main.js:142:11)

  console.log
    [dotenv@17.2.3] injecting env (12) from .env.test -- tip: ÔÜÖ´©Å  suppress all logs with { quiet: true }

      at _log (node_modules/dotenv/lib/main.js:142:11)

FAIL src/__tests__/unit/proposal.test.ts (6.823 s)
  Unit Testing - Proposal Submission
    Proposal Validation
      ├ù should submit proposal with all valid fields (678 ms)
      ├ù should reject proposal with empty bid amount (250 ms)
      ├ù should reject proposal with negative bid amount (258 ms)
      ├ù should reject proposal with empty delivery time (249 ms)
      ├ù should reject proposal with empty cover letter (229 ms)
      ├ù should reject duplicate proposal for same job (234 ms)

  ÔùÅ Unit Testing - Proposal Submission ÔÇ║ Proposal Validation ÔÇ║ should submit proposal with all valid fields

    TypeError: Cannot read properties of undefined (reading '_id')

    [0m [90m 58 |[39m         location[33m:[39m [32m'Lahore'[39m[33m,[39m
     [90m 59 |[39m       })[33m;[39m
    [31m[1m>[22m[39m[90m 60 |[39m     jobId [33m=[39m jobResponse[33m.[39mbody[33m.[39mdata[33m.[39m_id[33m;[39m
     [90m    |[39m                                   [31m[1m^[22m[39m
     [90m 61 |[39m   })[33m;[39m
     [90m 62 |[39m
     [90m 63 |[39m   describe([32m'Proposal Validation'[39m[33m,[39m () [33m=>[39m {[0m

      at Object.<anonymous> (src/__tests__/unit/proposal.test.ts:60:35)

  ÔùÅ Unit Testing - Proposal Submission ÔÇ║ Proposal Validation ÔÇ║ should reject proposal with empty bid amount

    TypeError: Cannot read properties of undefined (reading '_id')

    [0m [90m 58 |[39m         location[33m:[39m [32m'Lahore'[39m[33m,[39m
     [90m 59 |[39m       })[33m;[39m
    [31m[1m>[22m[39m[90m 60 |[39m     jobId [33m=[39m jobResponse[33m.[39mbody[33m.[39mdata[33m.[39m_id[33m;[39m
     [90m    |[39m                                   [31m[1m^[22m[39m
     [90m 61 |[39m   })[33m;[39m
     [90m 62 |[39m
     [90m 63 |[39m   describe([32m'Proposal Validation'[39m[33m,[39m () [33m=>[39m {[0m

      at Object.<anonymous> (src/__tests__/unit/proposal.test.ts:60:35)

  ÔùÅ Unit Testing - Proposal Submission ÔÇ║ Proposal Validation ÔÇ║ should reject proposal with negative bid amount

    TypeError: Cannot read properties of undefined (reading '_id')

    [0m [90m 58 |[39m         location[33m:[39m [32m'Lahore'[39m[33m,[39m
     [90m 59 |[39m       })[33m;[39m
    [31m[1m>[22m[39m[90m 60 |[39m     jobId [33m=[39m jobResponse[33m.[39mbody[33m.[39mdata[33m.[39m_id[33m;[39m
     [90m    |[39m                                   [31m[1m^[22m[39m
     [90m 61 |[39m   })[33m;[39m
     [90m 62 |[39m
     [90m 63 |[39m   describe([32m'Proposal Validation'[39m[33m,[39m () [33m=>[39m {[0m

      at Object.<anonymous> (src/__tests__/unit/proposal.test.ts:60:35)

  ÔùÅ Unit Testing - Proposal Submission ÔÇ║ Proposal Validation ÔÇ║ should reject proposal with empty delivery time

    TypeError: Cannot read properties of undefined (reading '_id')

    [0m [90m 58 |[39m         location[33m:[39m [32m'Lahore'[39m[33m,[39m
     [90m 59 |[39m       })[33m;[39m
    [31m[1m>[22m[39m[90m 60 |[39m     jobId [33m=[39m jobResponse[33m.[39mbody[33m.[39mdata[33m.[39m_id[33m;[39m
     [90m    |[39m                                   [31m[1m^[22m[39m
     [90m 61 |[39m   })[33m;[39m
     [90m 62 |[39m
     [90m 63 |[39m   describe([32m'Proposal Validation'[39m[33m,[39m () [33m=>[39m {[0m

      at Object.<anonymous> (src/__tests__/unit/proposal.test.ts:60:35)

  ÔùÅ Unit Testing - Proposal Submission ÔÇ║ Proposal Validation ÔÇ║ should reject proposal with empty cover letter

    TypeError: Cannot read properties of undefined (reading '_id')

    [0m [90m 58 |[39m         location[33m:[39m [32m'Lahore'[39m[33m,[39m
     [90m 59 |[39m       })[33m;[39m
    [31m[1m>[22m[39m[90m 60 |[39m     jobId [33m=[39m jobResponse[33m.[39mbody[33m.[39mdata[33m.[39m_id[33m;[39m
     [90m    |[39m                                   [31m[1m^[22m[39m
     [90m 61 |[39m   })[33m;[39m
     [90m 62 |[39m
     [90m 63 |[39m   describe([32m'Proposal Validation'[39m[33m,[39m () [33m=>[39m {[0m

      at Object.<anonymous> (src/__tests__/unit/proposal.test.ts:60:35)

  ÔùÅ Unit Testing - Proposal Submission ÔÇ║ Proposal Validation ÔÇ║ should reject duplicate proposal for same job

    TypeError: Cannot read properties of undefined (reading '_id')

    [0m [90m 58 |[39m         location[33m:[39m [32m'Lahore'[39m[33m,[39m
     [90m 59 |[39m       })[33m;[39m
    [31m[1m>[22m[39m[90m 60 |[39m     jobId [33m=[39m jobResponse[33m.[39mbody[33m.[39mdata[33m.[39m_id[33m;[39m
     [90m    |[39m                                   [31m[1m^[22m[39m
     [90m 61 |[39m   })[33m;[39m
     [90m 62 |[39m
     [90m 63 |[39m   describe([32m'Proposal Validation'[39m[33m,[39m () [33m=>[39m {[0m

      at Object.<anonymous> (src/__tests__/unit/proposal.test.ts:60:35)

FAIL src/__tests__/e2e/complete-workflow.test.ts (7.079 s)
  E2E: Complete Platform Workflow
    1. User Registration & Authentication
      ÔêÜ should register a buyer account (305 ms)
      ÔêÜ should register a consultant account (115 ms)
      ├ù should login with valid credentials (38 ms)
      ÔêÜ should reject login with invalid credentials (23 ms)
      ├ù should get authenticated user profile (29 ms)
    2. Consultant Profile Creation & Management
      ÔêÜ should create consultant profile (57 ms)
      ├ù should get consultant profile (24 ms)
      ├ù should update consultant profile (43 ms)
    3. Job Posting & Browsing
      ÔêÜ should create a job posting (60 ms)
      ├ù should get all available jobs (consultant view) (35 ms)
      ├ù should get job details (21 ms)
      ├ù should get jobs posted by specific buyer (36 ms)
      ├ù should update a job posting (31 ms)
    4. Proposal Submission & Management
      ├ù should submit a proposal for the job (24 ms)
      ├ù should get consultant proposals (22 ms)
      ├ù should get proposals for a specific job (buyer view) (28 ms)
      ├ù should get proposal details (20 ms)
      ├ù should prevent duplicate proposals for same job (32 ms)
    5. Proposal Acceptance & Order Creation
      ├ù should accept a proposal and create an order (26 ms)
      ├ù should verify proposal status changed to accepted (19 ms)
      ├ù should verify job status changed to in_progress (27 ms)
    6. Order Management & Tracking
      ├ù should get order in buyer orders list (23 ms)
      ├ù should get order in consultant orders list (33 ms)
      ├ù should get order details (21 ms)
      ├ù should request completion from consultant side (28 ms)
      ├ù should verify order status changed to pending_completion (24 ms)
      ├ù should confirm completion from buyer side (27 ms)
    7. Payment Release System
      ├ù should release payment after order completion (24 ms)
      ├ù should verify payment reflected in order (24 ms)
      ├ù should get consultant earnings summary (16 ms)
    8. Real-time Messaging System
      ├ù should create a conversation between buyer and consultant (18 ms)
      ├ù should send a message in the conversation (24 ms)
      ├ù should get conversation messages (28 ms)
      ├ù should reply to the conversation (23 ms)
      ├ù should get user conversations list (27 ms)
    9. Review & Rating System
      ├ù should submit a review for the consultant (25 ms)
      ├ù should get consultant reviews (26 ms)
      ├ù should update consultant rating (23 ms)
      ├ù should prevent duplicate reviews for same order (29 ms)
    10. Dashboard Statistics
      ├ù should get consultant proposal statistics (28 ms)
      ÔêÜ should get buyer job statistics (23 ms)
      ÔêÜ should get consultant earnings stats (52 ms)

  ÔùÅ E2E: Complete Platform Workflow ÔÇ║ 1. User Registration & Authentication ÔÇ║ should login with valid credentials

    expect(received).toBe(expected) // Object.is equality

    Expected: 200
    Received: 401

    [0m [90m 100 |[39m         })[33m;[39m
     [90m 101 |[39m
    [31m[1m>[22m[39m[90m 102 |[39m       expect(response[33m.[39mstatus)[33m.[39mtoBe([35m200[39m)[33m;[39m
     [90m     |[39m                               [31m[1m^[22m[39m
     [90m 103 |[39m       expect(response[33m.[39mbody[33m.[39msuccess)[33m.[39mtoBe([36mtrue[39m)[33m;[39m
     [90m 104 |[39m       expect(response[33m.[39mbody[33m.[39mdata[33m.[39mtoken)[33m.[39mtoBeDefined()[33m;[39m
     [90m 105 |[39m       
expect(response[33m.[39mbody[33m.[39mdata[33m.[39muser[33m.[39maccountType)[33m.[39mtoBe([32m'buyer'[39m)[33m;[39m[0m

      at Object.<anonymous> (src/__tests__/e2e/complete-workflow.test.ts:102:31)

  ÔùÅ E2E: Complete Platform Workflow ÔÇ║ 1. User Registration & Authentication ÔÇ║ should get authenticated user profile

    expect(received).toBe(expected) // Object.is equality

    Expected: 200
    Received: 404

    [0m [90m 123 |[39m         [33m.[39m[36mset[39m([32m'Authorization'[39m[33m,[39m [32m`Bearer ${buyerToken}`[39m)[33m;[39m
     [90m 124 |[39m
    [31m[1m>[22m[39m[90m 125 |[39m       expect(response[33m.[39mstatus)[33m.[39mtoBe([35m200[39m)[33m;[39m
     [90m     |[39m                               [31m[1m^[22m[39m
     [90m 126 |[39m       expect(response[33m.[39mbody[33m.[39mdata[33m.[39mname)[33m.[39mtoBe([32m'John Buyer'[39m)[33m;[39m
     [90m 127 |[39m       expect(response[33m.[39mbody[33m.[39mdata[33m.[39memail)[33m.[39mtoBe([32m'john.buyer@expertrah.com'[39m)[33m;[39m
     [90m 128 |[39m     })[33m;[39m[0m

      at Object.<anonymous> (src/__tests__/e2e/complete-workflow.test.ts:125:31)

  ÔùÅ E2E: Complete Platform Workflow ÔÇ║ 2. Consultant Profile Creation & Management ÔÇ║ should get consultant profile

    expect(received).toBe(expected) // Object.is equality

    Expected: 200
    Received: 404

    [0m [90m 168 |[39m         [33m.[39m[36mset[39m([32m'Authorization'[39m[33m,[39m [32m`Bearer ${consultantToken}`[39m)[33m;[39m
     [90m 169 |[39m
    [31m[1m>[22m[39m[90m 170 |[39m       expect(response[33m.[39mstatus)[33m.[39mtoBe([35m200[39m)[33m;[39m
     [90m     |[39m                               [31m[1m^[22m[39m
     [90m 171 |[39m       expect(response[33m.[39mbody[33m.[39mdata[33m.[39mtitle)[33m.[39mtoBe([32m'Senior Legal Consultant'[39m)[33m;[39m
     [90m 172 |[39m       expect(response[33m.[39mbody[33m.[39mdata[33m.[39mspecialization)[33m.[39mtoContain([32m'Legal'[39m)[33m;[39m
     [90m 173 |[39m     })[33m;[39m[0m

      at Object.<anonymous> (src/__tests__/e2e/complete-workflow.test.ts:170:31)

  ÔùÅ E2E: Complete Platform Workflow ÔÇ║ 2. Consultant Profile Creation & Management ÔÇ║ should update consultant profile

    expect(received).toBe(expected) // Object.is equality

    Expected: 200
    Received: 404

    [0m [90m 195 |[39m         })[33m;[39m
     [90m 196 |[39m
    [31m[1m>[22m[39m[90m 197 |[39m       expect(response[33m.[39mstatus)[33m.[39mtoBe([35m200[39m)[33m;[39m
     [90m     |[39m                               [31m[1m^[22m[39m
     [90m 198 |[39m       expect(response[33m.[39mbody[33m.[39mdata[33m.[39mhourlyRate)[33m.[39mtoBe([35m9000[39m)[33m;[39m
     [90m 199 |[39m       expect(response[33m.[39mbody[33m.[39mdata[33m.[39mskills)[33m.[39mtoContain([32m'Business Strategy'[39m)[33m;[39m
     [90m 200 |[39m     })[33m;[39m[0m

      at Object.<anonymous> (src/__tests__/e2e/complete-workflow.test.ts:197:31)

  ÔùÅ E2E: Complete Platform Workflow ÔÇ║ 3. Job Posting & Browsing ÔÇ║ should get all available jobs (consultant view)

    expect(received).toBeGreaterThan(expected)

    Expected: > 0
    Received:   0

    [0m [90m 237 |[39m       expect(response[33m.[39mbody[33m.[39mdata[33m.[39mjobs)[33m.[39mtoBeDefined()[33m;[39m
     [90m 238 |[39m       
expect([33mArray[39m[33m.[39misArray(response[33m.[39mbody[33m.[39mdata[33m.[39mjobs))[33m.[39mtoBe([36mtrue[39m)[33m;[39m
    [31m[1m>[22m[39m[90m 239 |[39m       
expect(response[33m.[39mbody[33m.[39mdata[33m.[39mjobs[33m.[39mlength)[33m.[39mtoBeGreaterThan([35m0[39m)[33m;[39m
     [90m     |[39m                                              [31m[1m^[22m[39m
     [90m 240 |[39m
     [90m 241 |[39m       [36mconst[39m postedJob [33m=[39m response[33m.[39mbody[33m.[39mdata[33m.[39mjobs[33m.[39mfind((job[33m:[39m any) 
[33m=>[39m job[33m.[39m_id [33m===[39m jobId)[33m;[39m
     [90m 242 |[39m       expect(postedJob)[33m.[39mtoBeDefined()[33m;[39m[0m

      at Object.<anonymous> (src/__tests__/e2e/complete-workflow.test.ts:239:46)

  ÔùÅ E2E: Complete Platform Workflow ÔÇ║ 3. Job Posting & Browsing ÔÇ║ should get job details

    expect(received).toBe(expected) // Object.is equality

    Expected: 200
    Received: 404

    [0m [90m 249 |[39m         [33m.[39m[36mset[39m([32m'Authorization'[39m[33m,[39m [32m`Bearer ${consultantToken}`[39m)[33m;[39m
     [90m 250 |[39m
    [31m[1m>[22m[39m[90m 251 |[39m       expect(response[33m.[39mstatus)[33m.[39mtoBe([35m200[39m)[33m;[39m
     [90m     |[39m                               [31m[1m^[22m[39m
     [90m 252 |[39m       expect(response[33m.[39mbody[33m.[39mdata[33m.[39mdescription)[33m.[39mtoContain([32m'business 
contracts'[39m)[33m;[39m
     [90m 253 |[39m       expect(response[33m.[39mbody[33m.[39mdata[33m.[39mbudget[33m.[39mmin)[33m.[39mtoBe([35m80000[39m)[33m;[39m
     [90m 254 |[39m       expect(response[33m.[39mbody[33m.[39mdata[33m.[39mbudget[33m.[39mmax)[33m.[39mtoBe([35m120000[39m)[33m;[39m[0m

      at Object.<anonymous> (src/__tests__/e2e/complete-workflow.test.ts:251:31)

  ÔùÅ E2E: Complete Platform Workflow ÔÇ║ 3. Job Posting & Browsing ÔÇ║ should get jobs posted by specific buyer

    expect(received).toBeGreaterThan(expected)

    Expected: > 0
    Received:   0

    [0m [90m 263 |[39m       expect(response[33m.[39mbody[33m.[39mdata)[33m.[39mtoBeDefined()[33m;[39m
     [90m 264 |[39m       expect([33mArray[39m[33m.[39misArray(response[33m.[39mbody[33m.[39mdata))[33m.[39mtoBe([36mtrue[39m)[33m;[39m
    [31m[1m>[22m[39m[90m 265 |[39m       
expect(response[33m.[39mbody[33m.[39mdata[33m.[39mlength)[33m.[39mtoBeGreaterThan([35m0[39m)[33m;[39m
     [90m     |[39m                                         [31m[1m^[22m[39m
     [90m 266 |[39m     })[33m;[39m
     [90m 267 |[39m
     [90m 268 |[39m     it([32m'should update a job posting'[39m[33m,[39m [36masync[39m () [33m=>[39m {[0m

      at Object.<anonymous> (src/__tests__/e2e/complete-workflow.test.ts:265:41)

  ÔùÅ E2E: Complete Platform Workflow ÔÇ║ 3. Job Posting & Browsing ÔÇ║ should update a job posting

    expect(received).toBe(expected) // Object.is equality

    Expected: 200
    Received: 404

    [0m [90m 282 |[39m         })[33m;[39m
     [90m 283 |[39m
    [31m[1m>[22m[39m[90m 284 |[39m       expect(response[33m.[39mstatus)[33m.[39mtoBe([35m200[39m)[33m;[39m
     [90m     |[39m                               [31m[1m^[22m[39m
     [90m 285 |[39m       expect(response[33m.[39mbody[33m.[39mdata[33m.[39mbudget[33m.[39mmin)[33m.[39mtoBe([35m90000[39m)[33m;[39m
     [90m 286 |[39m       expect(response[33m.[39mbody[33m.[39mdata[33m.[39mskills)[33m.[39mtoContain([32m'International Law'[39m)[33m;[39m
     [90m 287 |[39m     })[33m;[39m[0m

      at Object.<anonymous> (src/__tests__/e2e/complete-workflow.test.ts:284:31)

  ÔùÅ E2E: Complete Platform Workflow ÔÇ║ 4. Proposal Submission & Management ÔÇ║ should submit a proposal for the job

    expect(received).toBe(expected) // Object.is equality

    Expected: 201
    Received: 400

    [0m [90m 303 |[39m         })[33m;[39m
     [90m 304 |[39m
    [31m[1m>[22m[39m[90m 305 |[39m       expect(response[33m.[39mstatus)[33m.[39mtoBe([35m201[39m)[33m;[39m
     [90m     |[39m                               [31m[1m^[22m[39m
     [90m 306 |[39m       expect(response[33m.[39mbody[33m.[39msuccess)[33m.[39mtoBe([36mtrue[39m)[33m;[39m
     [90m 307 |[39m       expect(response[33m.[39mbody[33m.[39mdata[33m.[39mbidAmount)[33m.[39mtoBe([35m100000[39m)[33m;[39m
     [90m 308 |[39m       expect(response[33m.[39mbody[33m.[39mdata[33m.[39mstatus)[33m.[39mtoBe([32m'pending'[39m)[33m;[39m[0m

      at Object.<anonymous> (src/__tests__/e2e/complete-workflow.test.ts:305:31)

  ÔùÅ E2E: Complete Platform Workflow ÔÇ║ 4. Proposal Submission & Management ÔÇ║ should get consultant proposals

    expect(received).toBe(expected) // Object.is equality

    Expected: 200
    Received: 400

    [0m [90m 316 |[39m         [33m.[39m[36mset[39m([32m'Authorization'[39m[33m,[39m [32m`Bearer ${consultantToken}`[39m)[33m;[39m
     [90m 317 |[39m
    [31m[1m>[22m[39m[90m 318 |[39m       expect(response[33m.[39mstatus)[33m.[39mtoBe([35m200[39m)[33m;[39m
     [90m     |[39m                               [31m[1m^[22m[39m
     [90m 319 |[39m       expect(response[33m.[39mbody[33m.[39mdata)[33m.[39mtoBeDefined()[33m;[39m
     [90m 320 |[39m       expect([33mArray[39m[33m.[39misArray(response[33m.[39mbody[33m.[39mdata))[33m.[39mtoBe([36mtrue[39m)[33m;[39m
     [90m 321 |[39m[0m

      at Object.<anonymous> (src/__tests__/e2e/complete-workflow.test.ts:318:31)

  ÔùÅ E2E: Complete Platform Workflow ÔÇ║ 4. Proposal Submission & Management ÔÇ║ should get proposals for a specific job (buyer view)

    expect(received).toBeGreaterThan(expected)

    Expected: > 0
    Received:   0

    [0m [90m 333 |[39m       expect(response[33m.[39mbody[33m.[39mdata)[33m.[39mtoBeDefined()[33m;[39m
     [90m 334 |[39m       expect([33mArray[39m[33m.[39misArray(response[33m.[39mbody[33m.[39mdata))[33m.[39mtoBe([36mtrue[39m)[33m;[39m
    [31m[1m>[22m[39m[90m 335 |[39m       
expect(response[33m.[39mbody[33m.[39mdata[33m.[39mlength)[33m.[39mtoBeGreaterThan([35m0[39m)[33m;[39m
     [90m     |[39m                                         [31m[1m^[22m[39m
     [90m 336 |[39m
     [90m 337 |[39m       [36mconst[39m proposal [33m=[39m response[33m.[39mbody[33m.[39mdata[[35m0[39m][33m;[39m
     [90m 338 |[39m       expect(proposal[33m.[39mbidAmount)[33m.[39mtoBe([35m100000[39m)[33m;[39m[0m

      at Object.<anonymous> (src/__tests__/e2e/complete-workflow.test.ts:335:41)

  ÔùÅ E2E: Complete Platform Workflow ÔÇ║ 4. Proposal Submission & Management ÔÇ║ should get proposal details

    expect(received).toBe(expected) // Object.is equality

    Expected: 200
    Received: 400

    [0m [90m 345 |[39m         [33m.[39m[36mset[39m([32m'Authorization'[39m[33m,[39m [32m`Bearer ${buyerToken}`[39m)[33m;[39m
     [90m 346 |[39m
    [31m[1m>[22m[39m[90m 347 |[39m       expect(response[33m.[39mstatus)[33m.[39mtoBe([35m200[39m)[33m;[39m
     [90m     |[39m                               [31m[1m^[22m[39m
     [90m 348 |[39m       expect(response[33m.[39mbody[33m.[39mdata[33m.[39mbidAmount)[33m.[39mtoBe([35m100000[39m)[33m;[39m
     [90m 349 |[39m       expect(response[33m.[39mbody[33m.[39mdata[33m.[39mdeliveryTime)[33m.[39mtoBe([32m'14 days'[39m)[33m;[39m
     [90m 350 |[39m     })[33m;[39m[0m

      at Object.<anonymous> (src/__tests__/e2e/complete-workflow.test.ts:347:31)

  ÔùÅ E2E: Complete Platform Workflow ÔÇ║ 4. Proposal Submission & Management ÔÇ║ should prevent duplicate proposals for same job

    expect(received).toBe(expected) // Object.is equality

    Expected: 500
    Received: 400

    [0m [90m 361 |[39m         })[33m;[39m
     [90m 362 |[39m
    [31m[1m>[22m[39m[90m 363 |[39m       expect(response[33m.[39mstatus)[33m.[39mtoBe([35m500[39m)[33m;[39m
     [90m     |[39m                               [31m[1m^[22m[39m
     [90m 364 |[39m       expect(response[33m.[39mbody[33m.[39msuccess)[33m.[39mtoBe([36mfalse[39m)[33m;[39m
     [90m 365 |[39m     })[33m;[39m
     [90m 366 |[39m   })[33m;[39m[0m

      at Object.<anonymous> (src/__tests__/e2e/complete-workflow.test.ts:363:31)

  ÔùÅ E2E: Complete Platform Workflow ÔÇ║ 5. Proposal Acceptance & Order Creation ÔÇ║ should accept a proposal and create an order

    expect(received).toBe(expected) // Object.is equality

    Expected: 200
    Received: 400

    [0m [90m 375 |[39m         [33m.[39m[36mset[39m([32m'Authorization'[39m[33m,[39m [32m`Bearer ${buyerToken}`[39m)[33m;[39m
     [90m 376 |[39m
    [31m[1m>[22m[39m[90m 377 |[39m       expect(response[33m.[39mstatus)[33m.[39mtoBe([35m200[39m)[33m;[39m
     [90m     |[39m                               [31m[1m^[22m[39m
     [90m 378 |[39m       expect(response[33m.[39mbody[33m.[39msuccess)[33m.[39mtoBe([36mtrue[39m)[33m;[39m
     [90m 379 |[39m       expect(response[33m.[39mbody[33m.[39mdata[33m.[39mproposal[33m.[39mstatus)[33m.[39mtoBe([32m'accepted'[39m)[33m;[39m
     [90m 380 |[39m       expect(response[33m.[39mbody[33m.[39mdata[33m.[39morder)[33m.[39mtoBeDefined()[33m;[39m[0m

      at Object.<anonymous> (src/__tests__/e2e/complete-workflow.test.ts:377:31)

  ÔùÅ E2E: Complete Platform Workflow ÔÇ║ 5. Proposal Acceptance & Order Creation ÔÇ║ should verify proposal status changed to accepted

    expect(received).toBe(expected) // Object.is equality

    Expected: 200
    Received: 400

    [0m [90m 390 |[39m         [33m.[39m[36mset[39m([32m'Authorization'[39m[33m,[39m [32m`Bearer ${consultantToken}`[39m)[33m;[39m
     [90m 391 |[39m
    [31m[1m>[22m[39m[90m 392 |[39m       expect(response[33m.[39mstatus)[33m.[39mtoBe([35m200[39m)[33m;[39m
     [90m     |[39m                               [31m[1m^[22m[39m
     [90m 393 |[39m       expect(response[33m.[39mbody[33m.[39mdata[33m.[39mstatus)[33m.[39mtoBe([32m'accepted'[39m)[33m;[39m
     [90m 394 |[39m     })[33m;[39m
     [90m 395 |[39m[0m

      at Object.<anonymous> (src/__tests__/e2e/complete-workflow.test.ts:392:31)

  ÔùÅ E2E: Complete Platform Workflow ÔÇ║ 5. Proposal Acceptance & Order Creation ÔÇ║ should verify job status changed to in_progress

    expect(received).toBe(expected) // Object.is equality

    Expected: 200
    Received: 404

    [0m [90m 399 |[39m         [33m.[39m[36mset[39m([32m'Authorization'[39m[33m,[39m [32m`Bearer ${buyerToken}`[39m)[33m;[39m
     [90m 400 |[39m
    [31m[1m>[22m[39m[90m 401 |[39m       expect(response[33m.[39mstatus)[33m.[39mtoBe([35m200[39m)[33m;[39m
     [90m     |[39m                               [31m[1m^[22m[39m
     [90m 402 |[39m       expect(response[33m.[39mbody[33m.[39mdata[33m.[39mstatus)[33m.[39mtoBe([32m'in_progress'[39m)[33m;[39m
     [90m 403 |[39m     })[33m;[39m
     [90m 404 |[39m   })[33m;[39m[0m

      at Object.<anonymous> (src/__tests__/e2e/complete-workflow.test.ts:401:31)

  ÔùÅ E2E: Complete Platform Workflow ÔÇ║ 6. Order Management & Tracking ÔÇ║ should get order in buyer orders list

    expect(received).toBeDefined()

    Received: undefined

    [0m [90m 418 |[39m
     [90m 419 |[39m       [36mconst[39m order [33m=[39m response[33m.[39mbody[33m.[39mdata[33m.[39morders[33m.[39mfind((o[33m:[39m any) 
[33m=>[39m o[33m.[39m_id [33m===[39m orderId)[33m;[39m
    [31m[1m>[22m[39m[90m 420 |[39m       expect(order)[33m.[39mtoBeDefined()[33m;[39m
     [90m     |[39m                     [31m[1m^[22m[39m
     [90m 421 |[39m       expect(order[33m.[39mtotalAmount)[33m.[39mtoBe([35m100000[39m)[33m;[39m
     [90m 422 |[39m       expect(order[33m.[39mstatus)[33m.[39mtoBe([32m'in_progress'[39m)[33m;[39m
     [90m 423 |[39m     })[33m;[39m[0m

      at Object.<anonymous> (src/__tests__/e2e/complete-workflow.test.ts:420:21)

  ÔùÅ E2E: Complete Platform Workflow ÔÇ║ 6. Order Management & Tracking ÔÇ║ should get order in consultant orders list

    expect(received).toBeDefined()

    Received: undefined

    [0m [90m 433 |[39m
     [90m 434 |[39m       [36mconst[39m order [33m=[39m response[33m.[39mbody[33m.[39mdata[33m.[39morders[33m.[39mfind((o[33m:[39m any) 
[33m=>[39m o[33m.[39m_id [33m===[39m orderId)[33m;[39m
    [31m[1m>[22m[39m[90m 435 |[39m       expect(order)[33m.[39mtoBeDefined()[33m;[39m
     [90m     |[39m                     [31m[1m^[22m[39m
     [90m 436 |[39m       expect(order[33m.[39mtotalAmount)[33m.[39mtoBe([35m100000[39m)[33m;[39m
     [90m 437 |[39m     })[33m;[39m
     [90m 438 |[39m[0m

      at Object.<anonymous> (src/__tests__/e2e/complete-workflow.test.ts:435:21)

  ÔùÅ E2E: Complete Platform Workflow ÔÇ║ 6. Order Management & Tracking ÔÇ║ should get order details

    expect(received).toBe(expected) // Object.is equality

    Expected: 200
    Received: 400

    [0m [90m 442 |[39m         [33m.[39m[36mset[39m([32m'Authorization'[39m[33m,[39m [32m`Bearer ${buyerToken}`[39m)[33m;[39m
     [90m 443 |[39m
    [31m[1m>[22m[39m[90m 444 |[39m       expect(response[33m.[39mstatus)[33m.[39mtoBe([35m200[39m)[33m;[39m
     [90m     |[39m                               [31m[1m^[22m[39m
     [90m 445 |[39m       expect(response[33m.[39mbody[33m.[39mdata[33m.[39mtotalAmount)[33m.[39mtoBe([35m100000[39m)[33m;[39m
     [90m 446 |[39m       expect(response[33m.[39mbody[33m.[39mdata[33m.[39mamountPaid)[33m.[39mtoBe([35m0[39m)[33m;[39m
     [90m 447 |[39m       expect(response[33m.[39mbody[33m.[39mdata[33m.[39mamountPending)[33m.[39mtoBe([35m100000[39m)[33m;[39m[0m

      at Object.<anonymous> (src/__tests__/e2e/complete-workflow.test.ts:444:31)

  ÔùÅ E2E: Complete Platform Workflow ÔÇ║ 6. Order Management & Tracking ÔÇ║ should request completion from consultant side

    expect(received).toBe(expected) // Object.is equality

    Expected: 200
    Received: 400

    [0m [90m 457 |[39m         })[33m;[39m
     [90m 458 |[39m
    [31m[1m>[22m[39m[90m 459 |[39m       expect(response[33m.[39mstatus)[33m.[39mtoBe([35m200[39m)[33m;[39m
     [90m     |[39m                               [31m[1m^[22m[39m
     [90m 460 |[39m       expect(response[33m.[39mbody[33m.[39mdata[33m.[39mstatus)[33m.[39mtoBe([32m'pending_completion'[39m)[33m;[39m
     [90m 461 |[39m     })[33m;[39m
     [90m 462 |[39m[0m

      at Object.<anonymous> (src/__tests__/e2e/complete-workflow.test.ts:459:31)

  ÔùÅ E2E: Complete Platform Workflow ÔÇ║ 6. Order Management & Tracking ÔÇ║ should verify order status changed to pending_completion

    expect(received).toBe(expected) // Object.is equality

    Expected: 200
    Received: 400

    [0m [90m 466 |[39m         [33m.[39m[36mset[39m([32m'Authorization'[39m[33m,[39m [32m`Bearer ${buyerToken}`[39m)[33m;[39m
     [90m 467 |[39m
    [31m[1m>[22m[39m[90m 468 |[39m       expect(response[33m.[39mstatus)[33m.[39mtoBe([35m200[39m)[33m;[39m
     [90m     |[39m                               [31m[1m^[22m[39m
     [90m 469 |[39m       expect(response[33m.[39mbody[33m.[39mdata[33m.[39mstatus)[33m.[39mtoBe([32m'pending_completion'[39m)[33m;[39m
     [90m 470 |[39m     })[33m;[39m
     [90m 471 |[39m[0m

      at Object.<anonymous> (src/__tests__/e2e/complete-workflow.test.ts:468:31)

  ÔùÅ E2E: Complete Platform Workflow ÔÇ║ 6. Order Management & Tracking ÔÇ║ should confirm completion from buyer side

    expect(received).toBe(expected) // Object.is equality

    Expected: 200
    Received: 400

    [0m [90m 475 |[39m         [33m.[39m[36mset[39m([32m'Authorization'[39m[33m,[39m [32m`Bearer ${buyerToken}`[39m)[33m;[39m
     [90m 476 |[39m
    [31m[1m>[22m[39m[90m 477 |[39m       expect(response[33m.[39mstatus)[33m.[39mtoBe([35m200[39m)[33m;[39m
     [90m     |[39m                               [31m[1m^[22m[39m
     [90m 478 |[39m       expect(response[33m.[39mbody[33m.[39mdata[33m.[39mstatus)[33m.[39mtoBe([32m'completed'[39m)[33m;[39m
     [90m 479 |[39m     })[33m;[39m
     [90m 480 |[39m   })[33m;[39m[0m

      at Object.<anonymous> (src/__tests__/e2e/complete-workflow.test.ts:477:31)

  ÔùÅ E2E: Complete Platform Workflow ÔÇ║ 7. Payment Release System ÔÇ║ should release payment after order completion

    expect(received).toBe(expected) // Object.is equality

    Expected: 200
    Received: 404

    [0m [90m 492 |[39m         })[33m;[39m
     [90m 493 |[39m
    [31m[1m>[22m[39m[90m 494 |[39m       expect(response[33m.[39mstatus)[33m.[39mtoBe([35m200[39m)[33m;[39m
     [90m     |[39m                               [31m[1m^[22m[39m
     [90m 495 |[39m       expect(response[33m.[39mbody[33m.[39mdata[33m.[39mamountPaid)[33m.[39mtoBe([35m100000[39m)[33m;[39m
     [90m 496 |[39m       expect(response[33m.[39mbody[33m.[39mdata[33m.[39mamountPending)[33m.[39mtoBe([35m0[39m)[33m;[39m
     [90m 497 |[39m     })[33m;[39m[0m

      at Object.<anonymous> (src/__tests__/e2e/complete-workflow.test.ts:494:31)

  ÔùÅ E2E: Complete Platform Workflow ÔÇ║ 7. Payment Release System ÔÇ║ should verify payment reflected in order

    expect(received).toBe(expected) // Object.is equality

    Expected: 200
    Received: 400

    [0m [90m 502 |[39m         [33m.[39m[36mset[39m([32m'Authorization'[39m[33m,[39m [32m`Bearer ${buyerToken}`[39m)[33m;[39m
     [90m 503 |[39m
    [31m[1m>[22m[39m[90m 504 |[39m       expect(response[33m.[39mstatus)[33m.[39mtoBe([35m200[39m)[33m;[39m
     [90m     |[39m                               [31m[1m^[22m[39m
     [90m 505 |[39m       expect(response[33m.[39mbody[33m.[39mdata[33m.[39mamountPaid)[33m.[39mtoBe([35m100000[39m)[33m;[39m
     [90m 506 |[39m       expect(response[33m.[39mbody[33m.[39mdata[33m.[39mamountPending)[33m.[39mtoBe([35m0[39m)[33m;[39m
     [90m 507 |[39m     })[33m;[39m[0m

      at Object.<anonymous> (src/__tests__/e2e/complete-workflow.test.ts:504:31)

  ÔùÅ E2E: Complete Platform Workflow ÔÇ║ 7. Payment Release System ÔÇ║ should get consultant earnings summary

    expect(received).toBe(expected) // Object.is equality

    Expected: 200
    Received: 404

    [0m [90m 512 |[39m         [33m.[39m[36mset[39m([32m'Authorization'[39m[33m,[39m [32m`Bearer ${consultantToken}`[39m)[33m;[39m
     [90m 513 |[39m
    [31m[1m>[22m[39m[90m 514 |[39m       expect(response[33m.[39mstatus)[33m.[39mtoBe([35m200[39m)[33m;[39m
     [90m     |[39m                               [31m[1m^[22m[39m
     [90m 515 |[39m       expect(response[33m.[39mbody[33m.[39mdata)[33m.[39mtoBeDefined()[33m;[39m
     [90m 516 |[39m       
expect(response[33m.[39mbody[33m.[39mdata[33m.[39mtotalEarnings)[33m.[39mtoBeGreaterThanOrEqual([35m100000[39m)[33m;[39m
     [90m 517 |[39m     })[33m;[39m[0m

      at Object.<anonymous> (src/__tests__/e2e/complete-workflow.test.ts:514:31)

  ÔùÅ E2E: Complete Platform Workflow ÔÇ║ 8. Real-time Messaging System ÔÇ║ should create a conversation between buyer and consultant

    expect(received).toBe(expected) // Object.is equality

    Expected: 201
    Received: 404

    [0m [90m 530 |[39m         })[33m;[39m
     [90m 531 |[39m
    [31m[1m>[22m[39m[90m 532 |[39m       expect(response[33m.[39mstatus)[33m.[39mtoBe([35m201[39m)[33m;[39m
     [90m     |[39m                               [31m[1m^[22m[39m
     [90m 533 |[39m       expect(response[33m.[39mbody[33m.[39mdata[33m.[39mparticipants)[33m.[39mtoContain(buyerId)[33m;[39m
     [90m 534 |[39m       expect(response[33m.[39mbody[33m.[39mdata[33m.[39mparticipants)[33m.[39mtoContain(consultantUserId)[33m;[39m
     [90m 535 |[39m[0m

      at Object.<anonymous> (src/__tests__/e2e/complete-workflow.test.ts:532:31)

  ÔùÅ E2E: Complete Platform Workflow ÔÇ║ 8. Real-time Messaging System ÔÇ║ should send a message in the conversation

    expect(received).toBe(expected) // Object.is equality

    Expected: 201
    Received: 400

    [0m [90m 546 |[39m         })[33m;[39m
     [90m 547 |[39m
    [31m[1m>[22m[39m[90m 548 |[39m       expect(response[33m.[39mstatus)[33m.[39mtoBe([35m201[39m)[33m;[39m
     [90m     |[39m                               [31m[1m^[22m[39m
     [90m 549 |[39m       expect(response[33m.[39mbody[33m.[39mdata[33m.[39mcontent)[33m.[39mtoBe([32m'Hi Sarah, thank you for the excellent work 
on the contract review!'[39m)[33m;[39m
     [90m 550 |[39m       expect(response[33m.[39mbody[33m.[39mdata[33m.[39msender)[33m.[39mtoBe(buyerId)[33m;[39m
     [90m 551 |[39m     })[33m;[39m[0m

      at Object.<anonymous> (src/__tests__/e2e/complete-workflow.test.ts:548:31)

  ÔùÅ E2E: Complete Platform Workflow ÔÇ║ 8. Real-time Messaging System ÔÇ║ should get conversation messages

    expect(received).toBe(expected) // Object.is equality

    Expected: 200
    Received: 400

    [0m [90m 556 |[39m         [33m.[39m[36mset[39m([32m'Authorization'[39m[33m,[39m [32m`Bearer ${consultantToken}`[39m)[33m;[39m
     [90m 557 |[39m
    [31m[1m>[22m[39m[90m 558 |[39m       expect(response[33m.[39mstatus)[33m.[39mtoBe([35m200[39m)[33m;[39m
     [90m     |[39m                               [31m[1m^[22m[39m
     [90m 559 |[39m       expect(response[33m.[39mbody[33m.[39mdata)[33m.[39mtoBeDefined()[33m;[39m
     [90m 560 |[39m       expect([33mArray[39m[33m.[39misArray(response[33m.[39mbody[33m.[39mdata))[33m.[39mtoBe([36mtrue[39m)[33m;[39m
     [90m 561 |[39m       expect(response[33m.[39mbody[33m.[39mdata[33m.[39mlength)[33m.[39mtoBeGreaterThan([35m0[39m)[33m;[39m[0m

      at Object.<anonymous> (src/__tests__/e2e/complete-workflow.test.ts:558:31)

  ÔùÅ E2E: Complete Platform Workflow ÔÇ║ 8. Real-time Messaging System ÔÇ║ should reply to the conversation

    expect(received).toBe(expected) // Object.is equality

    Expected: 201
    Received: 400

    [0m [90m 571 |[39m         })[33m;[39m
     [90m 572 |[39m
    [31m[1m>[22m[39m[90m 573 |[39m       expect(response[33m.[39mstatus)[33m.[39mtoBe([35m201[39m)[33m;[39m
     [90m     |[39m                               [31m[1m^[22m[39m
     [90m 574 |[39m       expect(response[33m.[39mbody[33m.[39mdata[33m.[39msender)[33m.[39mtoBe(consultantUserId)[33m;[39m
     [90m 575 |[39m     })[33m;[39m
     [90m 576 |[39m[0m

      at Object.<anonymous> (src/__tests__/e2e/complete-workflow.test.ts:573:31)

  ÔùÅ E2E: Complete Platform Workflow ÔÇ║ 8. Real-time Messaging System ÔÇ║ should get user conversations list

    expect(received).toBeDefined()

    Received: undefined

    [0m [90m 585 |[39m
     [90m 586 |[39m       [36mconst[39m conversation [33m=[39m response[33m.[39mbody[33m.[39mdata[33m.[39mfind((c[33m:[39m any) [33m=>[39m 
c[33m.[39m_id [33m===[39m conversationId)[33m;[39m
    [31m[1m>[22m[39m[90m 587 |[39m       expect(conversation)[33m.[39mtoBeDefined()[33m;[39m
     [90m     |[39m                            [31m[1m^[22m[39m
     [90m 588 |[39m     })[33m;[39m
     [90m 589 |[39m   })[33m;[39m
     [90m 590 |[39m[0m

      at Object.<anonymous> (src/__tests__/e2e/complete-workflow.test.ts:587:28)

  ÔùÅ E2E: Complete Platform Workflow ÔÇ║ 9. Review & Rating System ÔÇ║ should submit a review for the consultant

    expect(received).toBe(expected) // Object.is equality

    Expected: 201
    Received: 404

    [0m [90m 604 |[39m         })[33m;[39m
     [90m 605 |[39m
    [31m[1m>[22m[39m[90m 606 |[39m       expect(response[33m.[39mstatus)[33m.[39mtoBe([35m201[39m)[33m;[39m
     [90m     |[39m                               [31m[1m^[22m[39m
     [90m 607 |[39m       expect(response[33m.[39mbody[33m.[39mdata[33m.[39mrating)[33m.[39mtoBe([35m5[39m)[33m;[39m
     [90m 608 |[39m       expect(response[33m.[39mbody[33m.[39mdata[33m.[39mcomment)[33m.[39mtoContain([32m'Outstanding work'[39m)[33m;[39m
     [90m 609 |[39m     })[33m;[39m[0m

      at Object.<anonymous> (src/__tests__/e2e/complete-workflow.test.ts:606:31)

  ÔùÅ E2E: Complete Platform Workflow ÔÇ║ 9. Review & Rating System ÔÇ║ should get consultant reviews

    expect(received).toBe(expected) // Object.is equality

    Expected: true
    Received: false

    [0m [90m 616 |[39m       expect(response[33m.[39mstatus)[33m.[39mtoBe([35m200[39m)[33m;[39m
     [90m 617 |[39m       expect(response[33m.[39mbody[33m.[39mdata)[33m.[39mtoBeDefined()[33m;[39m
    [31m[1m>[22m[39m[90m 618 |[39m       
expect([33mArray[39m[33m.[39misArray(response[33m.[39mbody[33m.[39mdata))[33m.[39mtoBe([36mtrue[39m)[33m;[39m
     [90m     |[39m                                                 [31m[1m^[22m[39m
     [90m 619 |[39m       expect(response[33m.[39mbody[33m.[39mdata[33m.[39mlength)[33m.[39mtoBeGreaterThan([35m0[39m)[33m;[39m
     [90m 620 |[39m     })[33m;[39m
     [90m 621 |[39m[0m

      at Object.<anonymous> (src/__tests__/e2e/complete-workflow.test.ts:618:49)

  ÔùÅ E2E: Complete Platform Workflow ÔÇ║ 9. Review & Rating System ÔÇ║ should update consultant rating

    expect(received).toBe(expected) // Object.is equality

    Expected: 200
    Received: 404

    [0m [90m 625 |[39m         [33m.[39m[36mset[39m([32m'Authorization'[39m[33m,[39m [32m`Bearer ${consultantToken}`[39m)[33m;[39m
     [90m 626 |[39m
    [31m[1m>[22m[39m[90m 627 |[39m       expect(response[33m.[39mstatus)[33m.[39mtoBe([35m200[39m)[33m;[39m
     [90m     |[39m                               [31m[1m^[22m[39m
     [90m 628 |[39m       expect(response[33m.[39mbody[33m.[39mdata[33m.[39maverageRating)[33m.[39mtoBeGreaterThan([35m0[39m)[33m;[39m
     [90m 629 |[39m       expect(response[33m.[39mbody[33m.[39mdata[33m.[39mtotalReviews)[33m.[39mtoBeGreaterThan([35m0[39m)[33m;[39m
     [90m 630 |[39m     })[33m;[39m[0m

      at Object.<anonymous> (src/__tests__/e2e/complete-workflow.test.ts:627:31)

  ÔùÅ E2E: Complete Platform Workflow ÔÇ║ 9. Review & Rating System ÔÇ║ should prevent duplicate reviews for same order

    expect(received).toBe(expected) // Object.is equality

    Expected: 400
    Received: 404

    [0m [90m 641 |[39m         })[33m;[39m
     [90m 642 |[39m
    [31m[1m>[22m[39m[90m 643 |[39m       expect(response[33m.[39mstatus)[33m.[39mtoBe([35m400[39m)[33m;[39m
     [90m     |[39m                               [31m[1m^[22m[39m
     [90m 644 |[39m       expect(response[33m.[39mbody[33m.[39msuccess)[33m.[39mtoBe([36mfalse[39m)[33m;[39m
     [90m 645 |[39m     })[33m;[39m
     [90m 646 |[39m   })[33m;[39m[0m

      at Object.<anonymous> (src/__tests__/e2e/complete-workflow.test.ts:643:31)

  ÔùÅ E2E: Complete Platform Workflow ÔÇ║ 10. Dashboard Statistics ÔÇ║ should get consultant proposal statistics

    expect(received).toBe(expected) // Object.is equality

    Expected: 200
    Received: 400

    [0m [90m 655 |[39m         [33m.[39m[36mset[39m([32m'Authorization'[39m[33m,[39m [32m`Bearer ${consultantToken}`[39m)[33m;[39m
     [90m 656 |[39m
    [31m[1m>[22m[39m[90m 657 |[39m       expect(response[33m.[39mstatus)[33m.[39mtoBe([35m200[39m)[33m;[39m
     [90m     |[39m                               [31m[1m^[22m[39m
     [90m 658 |[39m       expect(response[33m.[39mbody[33m.[39mdata)[33m.[39mtoBeDefined()[33m;[39m
     [90m 659 |[39m       expect([33mArray[39m[33m.[39misArray(response[33m.[39mbody[33m.[39mdata))[33m.[39mtoBe([36mtrue[39m)[33m;[39m
     [90m 660 |[39m     })[33m;[39m[0m

      at Object.<anonymous> (src/__tests__/e2e/complete-workflow.test.ts:657:31)

  console.log
    [dotenv@17.2.3] injecting env (12) from .env.test -- tip: ­ƒøá´©Å  run anywhere with `dotenvx run -- yourcommand`

      at _log (node_modules/dotenv/lib/main.js:142:11)

  console.log
    [dotenv@17.2.3] injecting env (12) from .env.test -- tip: ­ƒøá´©Å  run anywhere with `dotenvx run -- yourcommand`

      at _log (node_modules/dotenv/lib/main.js:142:11)

POST /api/auth/register 201 426 - 283.762 ms
POST /api/auth/register 201 426 - 313.971 ms
POST /api/jobs 400 121 - 4.766 ms
POST /api/auth/register 201 441 - 216.549 ms
POST /api/auth/register 201 440 - 339.055 ms
POST /api/consultants 201 571 - 36.814 ms
POST /api/jobs 400 121 - 6.273 ms
POST /api/auth/register 201 430 - 325.707 ms
POST /api/auth/register 201 426 - 148.748 ms
PATCH /api/users/me 200 338 - 40.716 ms
POST /api/jobs 400 169 - 8.633 ms
GET /api/users/me 200 338 - 39.433 ms
POST /api/auth/register 201 426 - 117.548 ms
POST /api/jobs 400 121 - 4.267 ms
POST /api/auth/register 201 455 - 214.789 ms
POST /api/consultants 201 592 - 35.111 ms
POST /api/auth/register 201 426 - 98.140 ms
POST /api/jobs 400 121 - 4.057 ms
POST /api/jobs 400 121 - 3.295 ms
POST /api/auth/register 201 441 - 89.837 ms
POST /api/consultants 201 571 - 14.160 ms
POST /api/auth/register 201 430 - 91.753 ms
POST /api/jobs 400 121 - 2.864 ms
POST /api/auth/register 201 426 - 94.801 ms
POST /api/jobs 400 143 - 3.462 ms
POST /api/auth/register 201 444 - 95.022 ms
POST /api/auth/register 201 426 - 91.602 ms
POST /api/consultants 201 558 - 41.415 ms
PUT /api/consultants/69487b29ca4ad842a7244f76 200 585 - 16.935 ms
GET /api/consultants/69487b29ca4ad842a7244f76 200 602 - 15.860 ms
POST /api/auth/register 201 426 - 94.731 ms
POST /api/jobs 400 143 - 3.892 ms
POST /api/auth/register 201 441 - 98.624 ms
POST /api/consultants 201 571 - 13.227 ms
POST /api/jobs 400 121 - 5.878 ms
FAIL src/__tests__/integration/job-proposal-flow.test.ts
  Integration Testing - Job Posting to Proposal Submission Flow
    ├ù should complete full job posting to proposal submission flow (696 ms)

  ÔùÅ Integration Testing - Job Posting to Proposal Submission Flow ÔÇ║ should complete full job posting to proposal submission flow

    expect(received).toBe(expected) // Object.is equality

    Expected: 201
    Received: 400

    [0m [90m 63 |[39m       })[33m;[39m
     [90m 64 |[39m
    [31m[1m>[22m[39m[90m 65 |[39m     expect(jobResponse[33m.[39mstatus)[33m.[39mtoBe([35m201[39m)[33m;[39m
     [90m    |[39m                                [31m[1m^[22m[39m
     [90m 66 |[39m     [36mconst[39m jobId [33m=[39m jobResponse[33m.[39mbody[33m.[39mdata[33m.[39m_id[33m;[39m
     [90m 67 |[39m
     [90m 68 |[39m     [90m// Step 2: Job appears in consultant's Projects tab[39m[0m

      at Object.<anonymous> (src/__tests__/integration/job-proposal-flow.test.ts:65:32)

POST /api/auth/register 201 426 - 104.506 ms
POST /api/jobs 401 70 - 1.429 ms
POST /api/auth/register 201 426 - 106.044 ms
POST /api/auth/register 201 442 - 205.465 ms
POST /api/auth/register 201 441 - 102.636 ms
POST /api/consultants 201 571 - 20.568 ms
POST /api/jobs 400 121 - 3.018 ms
POST /api/auth/register 400 171 - 3.406 ms
POST /api/auth/register 400 197 - 1.857 ms
FAIL src/__tests__/integration/profile-update-flow.test.ts
  Integration Testing - Profile Update Integration
    ├ù should update profile and reflect changes across platform (506 ms)
    ÔêÜ should update consultant profile and reflect in proposals (312 ms)

  ÔùÅ Integration Testing - Profile Update Integration ÔÇ║ should update profile and reflect changes across platform

    expect(received).toBe(expected) // Object.is equality

    Expected: 201
    Received: 400

    [0m [90m 53 |[39m       })[33m;[39m
     [90m 54 |[39m
    [31m[1m>[22m[39m[90m 55 |[39m     expect(jobResponse[33m.[39mstatus)[33m.[39mtoBe([35m201[39m)[33m;[39m
     [90m    |[39m                                [31m[1m^[22m[39m
     [90m 56 |[39m
     [90m 57 |[39m     [90m// Get job and verify buyer info[39m
     [90m 58 |[39m     [36mconst[39m jobDetailsResponse [33m=[39m [36mawait[39m request(app)[0m

      at Object.<anonymous> (src/__tests__/integration/profile-update-flow.test.ts:55:32)

POST /api/auth/register 201 426 - 187.122 ms
POST /api/auth/register 201 426 - 97.451 ms
POST /api/auth/register 201 430 - 89.487 ms
FAIL src/__tests__/unit/job.test.ts
  Unit Testing - Job Posting
    Job Posting Validation
      ├ù should create job with all valid fields (431 ms)
      ├ù should reject job with empty title (213 ms)
      ├ù should reject job with empty description (126 ms)
      ├ù should reject job with empty category (129 ms)
      ├ù should reject job with empty location (138 ms)
      ÔêÜ should require authentication (136 ms)

  ÔùÅ Unit Testing - Job Posting ÔÇ║ Job Posting Validation ÔÇ║ should create job with all valid fields

    expect(received).toBe(expected) // Object.is equality

    Expected: 201
    Received: 400

    [0m [90m 36 |[39m         })[33m;[39m
     [90m 37 |[39m
    [31m[1m>[22m[39m[90m 38 |[39m       expect(response[33m.[39mstatus)[33m.[39mtoBe([35m201[39m)[33m;[39m
     [90m    |[39m                               [31m[1m^[22m[39m
     [90m 39 |[39m       expect(response[33m.[39mbody[33m.[39msuccess)[33m.[39mtoBe([36mtrue[39m)[33m;[39m
     [90m 40 |[39m       expect(response[33m.[39mbody[33m.[39mdata[33m.[39mtitle)[33m.[39mtoBe([32m'Legal Consultant Needed'[39m)[33m;[39m
     [90m 41 |[39m     })[33m;[39m[0m

      at Object.<anonymous> (src/__tests__/unit/job.test.ts:38:31)

  ÔùÅ Unit Testing - Job Posting ÔÇ║ Job Posting Validation ÔÇ║ should reject job with empty title

    expect(received).toBe(expected) // Object.is equality

    Expected: 500
    Received: 400

    [0m [90m 54 |[39m         })[33m;[39m
     [90m 55 |[39m
    [31m[1m>[22m[39m[90m 56 |[39m       expect(response[33m.[39mstatus)[33m.[39mtoBe([35m500[39m)[33m;[39m [90m// Mongoose validation 
error[39m
     [90m    |[39m                               [31m[1m^[22m[39m
     [90m 57 |[39m       expect(response[33m.[39mbody[33m.[39msuccess)[33m.[39mtoBe([36mfalse[39m)[33m;[39m
     [90m 58 |[39m     })[33m;[39m
     [90m 59 |[39m[0m

      at Object.<anonymous> (src/__tests__/unit/job.test.ts:56:31)

  ÔùÅ Unit Testing - Job Posting ÔÇ║ Job Posting Validation ÔÇ║ should reject job with empty description

    expect(received).toBe(expected) // Object.is equality

    Expected: 500
    Received: 400

    [0m [90m 71 |[39m         })[33m;[39m
     [90m 72 |[39m
    [31m[1m>[22m[39m[90m 73 |[39m       expect(response[33m.[39mstatus)[33m.[39mtoBe([35m500[39m)[33m;[39m [90m// Mongoose validation 
error[39m
     [90m    |[39m                               [31m[1m^[22m[39m
     [90m 74 |[39m       expect(response[33m.[39mbody[33m.[39msuccess)[33m.[39mtoBe([36mfalse[39m)[33m;[39m
     [90m 75 |[39m     })[33m;[39m
     [90m 76 |[39m[0m

      at Object.<anonymous> (src/__tests__/unit/job.test.ts:73:31)

  ÔùÅ Unit Testing - Job Posting ÔÇ║ Job Posting Validation ÔÇ║ should reject job with empty category

    expect(received).toBe(expected) // Object.is equality

    Expected: 500
    Received: 400

    [0m [90m 87 |[39m         })[33m;[39m
     [90m 88 |[39m
    [31m[1m>[22m[39m[90m 89 |[39m       expect(response[33m.[39mstatus)[33m.[39mtoBe([35m500[39m)[33m;[39m [90m// Mongoose validation 
error[39m
     [90m    |[39m                               [31m[1m^[22m[39m
     [90m 90 |[39m       expect(response[33m.[39mbody[33m.[39msuccess)[33m.[39mtoBe([36mfalse[39m)[33m;[39m
     [90m 91 |[39m     })[33m;[39m
     [90m 92 |[39m[0m

      at Object.<anonymous> (src/__tests__/unit/job.test.ts:89:31)

  ÔùÅ Unit Testing - Job Posting ÔÇ║ Job Posting Validation ÔÇ║ should reject job with empty location

    expect(received).toBe(expected) // Object.is equality

    Expected: 500
    Received: 400

    [0m [90m 103 |[39m         })[33m;[39m
     [90m 104 |[39m
    [31m[1m>[22m[39m[90m 105 |[39m       expect(response[33m.[39mstatus)[33m.[39mtoBe([35m500[39m)[33m;[39m [90m// Mongoose validation 
error[39m
     [90m     |[39m                               [31m[1m^[22m[39m
     [90m 106 |[39m       expect(response[33m.[39mbody[33m.[39msuccess)[33m.[39mtoBe([36mfalse[39m)[33m;[39m
     [90m 107 |[39m     })[33m;[39m
     [90m 108 |[39m[0m

      at Object.<anonymous> (src/__tests__/unit/job.test.ts:105:31)

POST /api/auth/login 200 419 - 129.861 ms
POST /api/auth/register 400 159 - 2.819 ms
POST /api/auth/register 201 441 - 143.508 ms
POST /api/consultants 201 571 - 14.819 ms
POST /api/jobs 400 121 - 9.298 ms
POST /api/auth/register 201 426 - 91.073 ms
POST /api/auth/register 201 441 - 107.407 ms
POST /api/auth/register 201 425 - 85.106 ms
POST /api/auth/login 200 434 - 79.032 ms
POST /api/auth/login 200 418 - 83.951 ms
POST /api/auth/register 201 424 - 75.899 ms
FAIL src/__tests__/functional/proposal-management.test.ts
  Functional Testing - Proposal Management
    ├ù should view available jobs in Projects tab (699 ms)
    ├ù should view job details (270 ms)
    ├ù should submit proposal for a job (265 ms)
    ├ù should view submitted proposals (280 ms)
    ├ù should filter jobs by category (314 ms)

  ÔùÅ Functional Testing - Proposal Management ÔÇ║ should view available jobs in Projects tab

    TypeError: Cannot read properties of undefined (reading '_id')

    [0m [90m 58 |[39m         location[33m:[39m [32m'Lahore'[39m[33m,[39m
     [90m 59 |[39m       })[33m;[39m
    [31m[1m>[22m[39m[90m 60 |[39m     jobId [33m=[39m jobResponse[33m.[39mbody[33m.[39mdata[33m.[39m_id[33m;[39m
     [90m    |[39m                                   [31m[1m^[22m[39m
     [90m 61 |[39m   })[33m;[39m
     [90m 62 |[39m
     [90m 63 |[39m   it([32m'should view available jobs in Projects tab'[39m[33m,[39m [36masync[39m () [33m=>[39m {[0m

      at Object.<anonymous> (src/__tests__/functional/proposal-management.test.ts:60:35)

  ÔùÅ Functional Testing - Proposal Management ÔÇ║ should view job details

    TypeError: Cannot read properties of undefined (reading '_id')

    [0m [90m 58 |[39m         location[33m:[39m [32m'Lahore'[39m[33m,[39m
     [90m 59 |[39m       })[33m;[39m
    [31m[1m>[22m[39m[90m 60 |[39m     jobId [33m=[39m jobResponse[33m.[39mbody[33m.[39mdata[33m.[39m_id[33m;[39m
     [90m    |[39m                                   [31m[1m^[22m[39m
     [90m 61 |[39m   })[33m;[39m
     [90m 62 |[39m
     [90m 63 |[39m   it([32m'should view available jobs in Projects tab'[39m[33m,[39m [36masync[39m () [33m=>[39m {[0m

      at Object.<anonymous> (src/__tests__/functional/proposal-management.test.ts:60:35)

  ÔùÅ Functional Testing - Proposal Management ÔÇ║ should submit proposal for a job

    TypeError: Cannot read properties of undefined (reading '_id')

    [0m [90m 58 |[39m         location[33m:[39m [32m'Lahore'[39m[33m,[39m
     [90m 59 |[39m       })[33m;[39m
    [31m[1m>[22m[39m[90m 60 |[39m     jobId [33m=[39m jobResponse[33m.[39mbody[33m.[39mdata[33m.[39m_id[33m;[39m
     [90m    |[39m                                   [31m[1m^[22m[39m
     [90m 61 |[39m   })[33m;[39m
     [90m 62 |[39m
     [90m 63 |[39m   it([32m'should view available jobs in Projects tab'[39m[33m,[39m [36masync[39m () [33m=>[39m {[0m

      at Object.<anonymous> (src/__tests__/functional/proposal-management.test.ts:60:35)

  ÔùÅ Functional Testing - Proposal Management ÔÇ║ should view submitted proposals

    TypeError: Cannot read properties of undefined (reading '_id')

    [0m [90m 58 |[39m         location[33m:[39m [32m'Lahore'[39m[33m,[39m
     [90m 59 |[39m       })[33m;[39m
    [31m[1m>[22m[39m[90m 60 |[39m     jobId [33m=[39m jobResponse[33m.[39mbody[33m.[39mdata[33m.[39m_id[33m;[39m
     [90m    |[39m                                   [31m[1m^[22m[39m
     [90m 61 |[39m   })[33m;[39m
     [90m 62 |[39m
     [90m 63 |[39m   it([32m'should view available jobs in Projects tab'[39m[33m,[39m [36masync[39m () [33m=>[39m {[0m

      at Object.<anonymous> (src/__tests__/functional/proposal-management.test.ts:60:35)

  ÔùÅ Functional Testing - Proposal Management ÔÇ║ should filter jobs by category

    TypeError: Cannot read properties of undefined (reading '_id')

    [0m [90m 58 |[39m         location[33m:[39m [32m'Lahore'[39m[33m,[39m
     [90m 59 |[39m       })[33m;[39m
    [31m[1m>[22m[39m[90m 60 |[39m     jobId [33m=[39m jobResponse[33m.[39mbody[33m.[39mdata[33m.[39m_id[33m;[39m
     [90m    |[39m                                   [31m[1m^[22m[39m
     [90m 61 |[39m   })[33m;[39m
     [90m 62 |[39m
     [90m 63 |[39m   it([32m'should view available jobs in Projects tab'[39m[33m,[39m [36masync[39m () [33m=>[39m {[0m

      at Object.<anonymous> (src/__tests__/functional/proposal-management.test.ts:60:35)

GET /api/users/me 200 324 - 7.874 ms
POST /api/auth/register 201 425 - 76.813 ms
POST /api/auth/login 400 171 - 0.740 ms
POST /api/auth/register 201 425 - 72.687 ms
POST /api/auth/login 401 72 - 2.768 ms
POST /api/auth/register 201 425 - 78.859 ms
PASS src/__tests__/functional/authentication.test.ts
  Functional Testing - Authentication and Role-Based Access
    Login with Different Roles
      ÔêÜ should login as buyer and access buyer dashboard (459 ms)
      ÔêÜ should login as consultant and access consultant dashboard (215 ms)
      ÔêÜ should return correct user profile for authenticated user (109 ms)

POST /api/auth/login 401 72 - 74.486 ms
POST /api/auth/register 201 425 - 68.655 ms
POST /api/auth/login 400 161 - 0.853 ms
POST /api/auth/register 201 425 - 67.411 ms
POST /api/auth/login 400 167 - 0.676 ms
PASS src/__tests__/unit/auth.test.ts
  Unit Testing - Authentication
    User Registration
      ÔêÜ should validate email field for proper email format (278 ms)
      ÔêÜ should reject invalid email format (40 ms)
      ÔêÜ should enforce minimum password length (37 ms)
      ÔêÜ should accept valid password length (183 ms)
      ÔêÜ should require name field (49 ms)
      ÔêÜ should accept valid account type selection (123 ms)
    User Login
      ÔêÜ should login with valid credentials (191 ms)
      ÔêÜ should reject invalid email format (108 ms)
      ÔêÜ should reject non-existent email (94 ms)
      ÔêÜ should reject wrong password (170 ms)
      ÔêÜ should require email field (83 ms)
      ÔêÜ should require password field (79 ms)

---------------------------------|---------|----------|---------|---------|----------------------------------------------------------------------------------------------------------------------
File                             | % Stmts | % Branch | % Funcs | % Lines | Uncovered Line #s                                                                                                    
---------------------------------|---------|----------|---------|---------|----------------------------------------------------------------------------------------------------------------------
All files                        |   30.94 |     7.29 |   15.08 |   29.37 |                                                                                                                      
 modules/admin                   |   42.75 |        0 |       0 |   39.37 |                                                                                                                      
  admin.controller.ts            |   30.23 |        0 |       0 |   30.23 | 9-11,16-18,22-24,28-30,34-36,40-42,46-48,52-54,58-60,64-66                                                           
  admin.routes.ts                |     100 |      100 |     100 |     100 |                                                                                                                      
  admin.service.ts               |   32.87 |        0 |       0 |   24.19 | 19-33,45-46,50-62,66-77,91-104,112-122,130-134,139-157,169-188                                                       
 modules/analytics               |   28.84 |        0 |       0 |    32.6 |                                                                                                                      
  analytics.controller.ts        |   13.95 |        0 |       0 |   16.21 | 11-25,36-50,61-69,80-84                                                                                              
  analytics.routes.ts            |     100 |      100 |     100 |     100 |                                                                                                                      
 modules/auth                    |   62.06 |       32 |   33.33 |   60.71 |                                                                                                                      
  auth.controller.ts             |      50 |    14.28 |   33.33 |   47.72 | 75-92,96-109,131-149                                                                                                 
  auth.logout.controller.ts      |      60 |      100 |       0 |      60 | 12-18                                                                                                                
  auth.routes.ts                 |     100 |       50 |     100 |     100 | 23                                                                                                                   
  auth.service.ts                |     100 |      100 |     100 |     100 |                                                                                                                      
  auth.validation.ts             |     100 |      100 |     100 |     100 |                                                                                                                      
  passport.ts                    |   29.62 |        0 |       0 |   29.62 | 14-48,56,61-65                                                                                                       
 modules/chatbot                 |   32.75 |        0 |       0 |   32.75 |                                                                                                                      
  chatbot.controller.ts          |   17.02 |        0 |       0 |   17.02 | 11-51,67-79,92-103,115-141,151-166                                                                                   
  chatbot.routes.ts              |     100 |      100 |     100 |     100 |                                                                                                                      
 modules/consultant              |   50.71 |    18.82 |   30.76 |   50.26 |                                                                                                                      
  consultant.controller.ts       |   39.72 |     9.67 |   33.33 |   39.72 | 13-14,20,27-38,44,51-56,60-65,69-77,81-93,99,107-114,122-143                                                         
  consultant.routes.ts           |     100 |      100 |     100 |     100 |                                                                                                                      
  consultant.service.ts          |   49.57 |    24.07 |   28.57 |   48.48 | 24-115,129,141-143,155-171,175-179,183-191,196-220                                                                   
 modules/contact                 |   28.28 |        0 |       0 |   28.28 |                                                                                                                      
  contact.controller.ts          |      20 |        0 |       0 |      20 | 8-31,37-43,49-61,67-86,92-104,110-112                                                                                
  contact.routes.ts              |     100 |      100 |     100 |     100 |                                                                                                                      
  contact.service.ts             |   13.88 |        0 |       0 |   13.88 | 24-144                                                                                                               
 modules/job                     |   70.52 |     38.7 |      75 |   71.42 |                                                                                                                      
  job.controller.ts              |   60.52 |       20 |   83.33 |   60.52 | 11,29,36,41-46,50-63                                                                                                 
  job.routes.ts                  |     100 |      100 |     100 |     100 |                                                                                                                      
  job.service.ts                 |   71.11 |    47.61 |   66.66 |   73.52 | 55,64-68,72-76                                                                                                       
 modules/messaging               |   24.28 |     1.16 |   10.52 |   22.38 |                                                                                                                      
  messaging.controller.ts        |   17.28 |     2.94 |   14.28 |   17.28 | 7-55,60-72,76-87,93,100-105,109-120,124-156                                                                          
  messaging.routes.ts            |     100 |      100 |     100 |     100 |                                                                                                                      
  messaging.service.ts           |   17.85 |        0 |    8.33 |   13.59 | 8-120,125-142,155-193,204-229,242-251,274-283                                                                        
 modules/notification            |   37.25 |        0 |       0 |   37.25 |                                                                                                                      
  notification.controller.ts     |      20 |        0 |       0 |      20 | 8-18,24-41,47-55,61-78                                                                                               
  notification.routes.ts         |     100 |      100 |     100 |     100 |                                                                                                                      
 modules/order                   |   32.49 |     4.54 |    5.55 |    28.4 |                                                                                                                      
  order.controller.ts            |   33.33 |      100 |    5.88 |   33.33 | 7-8,17-18,22-25,29-32,36-37,41-42,46-47,51-53,57-59,63-65,69-71,75-76,80-81,85-86,90-92,96-98                        
  order.routes.ts                |     100 |      100 |     100 |     100 |                                                                                                                      
  order.service.ts               |   24.06 |     4.54 |    5.26 |   16.76 | 26-27,62-70,74-78,82-86,90-94,98-106,110-118,132-146,161-187,195-221,233-274,289-307,320-332,336-340,367-404,419-465 
  order.validation.ts            |       0 |      100 |     100 |       0 | 1-22                                                                                                                 
 modules/proposal                |   45.03 |        0 |    9.52 |   41.17 |                                                                                                                      
  proposal.controller.ts         |   39.02 |        0 |      10 |   39.02 | 9-31,35-36,40-41,50-51,55-56,60-61,65-66,70-71,75-76                                                                 
  proposal.routes.ts             |     100 |      100 |     100 |     100 |                                                                                                                      
  proposal.service.ts            |   36.48 |        0 |    9.09 |   27.41 | 25-30,37-51,63-69,80-83,88-100,104-108,125-168,175-183,187-195                                                       
 modules/review                  |   33.03 |    10.86 |      25 |   33.33 |                                                                                                                      
  review.controller.ts           |   35.29 |       50 |   28.57 |   35.29 | 23,45-103                                                                                                            
  review.routes.ts               |     100 |      100 |     100 |     100 |                                                                                                                      
  review.service.ts              |   18.46 |     2.63 |   22.22 |   18.75 | 32-74,108-224                                                                                                        
 modules/user                    |   81.92 |       55 |   76.92 |   83.09 |                                                                                                                      
  user.controller.ts             |   80.95 |    66.66 |   66.66 |   80.95 | 10,20-21,27                                                                                                          
  user.model.ts                  |     100 |      100 |     100 |     100 |                                                                                                                      
  user.routes.ts                 |     100 |      100 |     100 |     100 |                                                                                                                      
  user.service.ts                |      75 |       50 |   66.66 |      75 | 25,32,46-53                                                                                                          
 scripts                         |       0 |        0 |       0 |       0 |                                                                                                                      
  seed-consultants.ts            |       0 |        0 |       0 |       0 | 1-239                                                                                                                
 services                        |   12.29 |     2.96 |    7.14 |   11.22 |                                                                                                                      
  analytics.service.ts           |   29.72 |        0 |       0 |   21.21 | 18-39,56-81,93-133,144-155                                                                                           
  consultant-matching.service.ts |     4.7 |        0 |       0 |    4.76 | 26-247                                                                                                               
  email.service.ts               |   22.22 |    44.44 |      20 |   22.22 | 28-125                                                                                                               
  groq.service.ts                |    9.09 |     3.33 |   14.28 |    9.09 | 25-302                                                                                                               
  huggingface.service.ts         |   16.21 |     7.69 |    12.5 |   17.64 | 26-105                                                                                                               
  intakeAssistant.service.ts     |    5.97 |     0.95 |    4.34 |     6.4 | 42-476                                                                                                               
  notification.service.ts        |    6.45 |        0 |       0 |    6.89 | 17-142                                                                                                               
  token.service.ts               |   58.82 |        0 |   33.33 |      50 | 17,23-30                                                                                                             
 socket                          |       0 |        0 |       0 |       0 |                                                                                                                      
  socket.ts                      |       0 |        0 |       0 |       0 | 7-162                                                                                                                
 socket/handlers                 |       0 |        0 |       0 |       0 |                                                                                                                      
  messageHandlers.ts             |       0 |        0 |       0 |       0 | 7-425                                                                                                                
  presenceHandlers.ts            |       0 |      100 |       0 |       0 | 7-64                                                                                                                 
  typingHandlers.ts              |       0 |        0 |       0 |       0 | 7-77                                                                                                                 
---------------------------------|---------|----------|---------|---------|----------------------------------------------------------------------------------------------------------------------
Test Suites: 10 failed, 2 passed, 12 total
Tests:       84 failed, 29 passed, 113 total
Snapshots:   0 total
Time:        13.743 s, estimated 15 s
Ran all test suites.
